2025-08-16 22:56:20 - [32minfo[39m: [32mAplicação rodando na porta 3000[39m
2025-08-16 22:57:01 - [32minfo[39m: [32mAplicação rodando na porta 3000[39m
2025-08-16 22:57:09 - [32minfo[39m: [32mConectou no banco de dados[39m
2025-08-16 22:57:09 - [32minfo[39m: [32mAplicação rodando na porta 3000[39m
2025-08-16 22:57:18 - [32minfo[39m: [32mConectou no banco de dados[39m
2025-08-16 22:57:18 - [32minfo[39m: [32mAplicação rodando na porta 3000[39m
2025-08-16 23:03:02 - [32minfo[39m: [32mConectou no banco de dados[39m
2025-08-16 23:03:02 - [32minfo[39m: [32mAplicação rodando na porta 3000[39m
2025-08-16 23:03:04 - [32minfo[39m: [32mConectou no banco de dados[39m
2025-08-16 23:03:04 - [32minfo[39m: [32mAplicação rodando na porta 3000[39m
2025-08-16 23:03:06 - [32minfo[39m: [32mConectou no banco de dados[39m
2025-08-16 23:03:06 - [32minfo[39m: [32mAplicação rodando na porta 3000[39m
2025-08-16 23:03:08 - [32minfo[39m: [32mConectou no banco de dados[39m
2025-08-16 23:03:08 - [32minfo[39m: [32mAplicação rodando na porta 3000[39m
2025-08-16 23:03:12 - [32minfo[39m: [32mConectou no banco de dados[39m
2025-08-16 23:03:12 - [32minfo[39m: [32mAplicação rodando na porta 3000[39m
2025-08-16 23:03:16 - [32minfo[39m: [32mConectou no banco de dados[39m
2025-08-16 23:03:16 - [32minfo[39m: [32mAplicação rodando na porta 3000[39m
2025-08-16 23:03:18 - [32minfo[39m: [32mConectou no banco de dados[39m
2025-08-16 23:03:18 - [32minfo[39m: [32mAplicação rodando na porta 3000[39m
2025-08-16 23:03:23 - [32minfo[39m: [32mConectou no banco de dados[39m
2025-08-16 23:03:23 - [32minfo[39m: [32mAplicação rodando na porta 3000[39m
2025-08-16 23:03:29 - [32minfo[39m: [32mConectou no banco de dados[39m
2025-08-16 23:03:29 - [32minfo[39m: [32mAplicação rodando na porta 3000[39m
2025-08-16 23:03:31 - [32minfo[39m: [32mConectou no banco de dados[39m
2025-08-16 23:03:32 - [32minfo[39m: [32mAplicação rodando na porta 3000[39m
2025-08-16 23:03:41 - [32minfo[39m: [32mConectou no banco de dados[39m
2025-08-16 23:03:41 - [32minfo[39m: [32mAplicação rodando na porta 3000[39m
2025-08-16 23:03:43 - [32minfo[39m: [32mConectou no banco de dados[39m
2025-08-16 23:03:43 - [32minfo[39m: [32mAplicação rodando na porta 3000[39m
2025-08-16 23:03:47 - [32minfo[39m: [32mConectou no banco de dados[39m
2025-08-16 23:03:47 - [32minfo[39m: [32mAplicação rodando na porta 3000[39m
2025-08-16 23:03:50 - [32minfo[39m: [32mConectou no banco de dados[39m
2025-08-16 23:03:50 - [32minfo[39m: [32mAplicação rodando na porta 3000[39m
2025-08-16 23:03:52 - [32minfo[39m: [32mConectou no banco de dados[39m
2025-08-16 23:03:52 - [32minfo[39m: [32mAplicação rodando na porta 3000[39m
2025-08-16 23:04:05 - [32minfo[39m: [32mConectou no banco de dados[39m
2025-08-16 23:04:05 - [32minfo[39m: [32mAplicação rodando na porta 3000[39m
2025-08-16 23:04:23 - [32minfo[39m: [32mConectou no banco de dados[39m
2025-08-16 23:04:23 - [32minfo[39m: [32mAplicação rodando na porta 3000[39m
2025-08-16 23:04:26 - [32minfo[39m: [32mConectou no banco de dados[39m
2025-08-16 23:04:26 - [32minfo[39m: [32mAplicação rodando na porta 3000[39m
2025-08-16 23:04:28 - [35mhttp[39m: [35mGET /api/test 200 - - 1.670 ms[39m
[35m[39m
2025-08-16 23:04:33 - [32minfo[39m: [32mConectou no banco de dados[39m
2025-08-16 23:04:33 - [32minfo[39m: [32mAplicação rodando na porta 3000[39m
2025-08-16 23:05:15 - [32minfo[39m: [32mConectou no banco de dados[39m
2025-08-16 23:05:15 - [32minfo[39m: [32mAplicação rodando na porta 3000[39m
2025-08-16 23:23:40 - [32minfo[39m: [32mConectou no banco de dados[39m
2025-08-16 23:23:40 - [32minfo[39m: [32mAplicação rodando na porta 3000[39m
2025-08-16 23:23:52 - [32minfo[39m: [32mConectou no banco de dados[39m
2025-08-16 23:23:52 - [32minfo[39m: [32mAplicação rodando na porta 3000[39m
2025-08-16 23:23:54 - [32minfo[39m: [32mConectou no banco de dados[39m
2025-08-16 23:23:54 - [32minfo[39m: [32mAplicação rodando na porta 3000[39m
2025-08-16 23:24:04 - [32minfo[39m: [32mConectou no banco de dados[39m
2025-08-16 23:24:04 - [32minfo[39m: [32mAplicação rodando na porta 3000[39m
2025-08-16 23:24:07 - [32minfo[39m: [32mConectou no banco de dados[39m
2025-08-16 23:24:07 - [32minfo[39m: [32mAplicação rodando na porta 3000[39m
2025-08-16 23:24:28 - [35mhttp[39m: [35mGET /api/wine 404 - - 1.401 ms[39m
[35m[39m
2025-08-16 23:25:28 - [35mhttp[39m: [35mPOST /api/wine 200 - - 0.890 ms[39m
[35m[39m
2025-08-16 23:26:11 - [32minfo[39m: [32mConectou no banco de dados[39m
2025-08-16 23:26:11 - [32minfo[39m: [32mAplicação rodando na porta 3000[39m
2025-08-16 23:26:21 - [32minfo[39m: [32mConectou no banco de dados[39m
2025-08-16 23:26:21 - [32minfo[39m: [32mAplicação rodando na porta 3000[39m
2025-08-16 23:26:32 - [32minfo[39m: [32mConectou no banco de dados[39m
2025-08-16 23:26:32 - [32minfo[39m: [32mAplicação rodando na porta 3000[39m
2025-08-16 23:26:34 - [32minfo[39m: [32mConectou no banco de dados[39m
2025-08-16 23:26:34 - [32minfo[39m: [32mAplicação rodando na porta 3000[39m
2025-08-16 23:26:40 - [32minfo[39m: [32mConectou no banco de dados[39m
2025-08-16 23:26:40 - [32minfo[39m: [32mAplicação rodando na porta 3000[39m
2025-08-16 23:26:44 - [32minfo[39m: [32mConectou no banco de dados[39m
2025-08-16 23:26:44 - [32minfo[39m: [32mAplicação rodando na porta 3000[39m
2025-08-16 23:26:46 - [32minfo[39m: [32mConectou no banco de dados[39m
2025-08-16 23:26:46 - [32minfo[39m: [32mAplicação rodando na porta 3000[39m
2025-08-16 23:26:48 - [32minfo[39m: [32mConectou no banco de dados[39m
2025-08-16 23:26:48 - [32minfo[39m: [32mAplicação rodando na porta 3000[39m
2025-08-16 23:26:50 - [32minfo[39m: [32mConectou no banco de dados[39m
2025-08-16 23:26:50 - [32minfo[39m: [32mAplicação rodando na porta 3000[39m
2025-08-16 23:26:54 - [32minfo[39m: [32mConectou no banco de dados[39m
2025-08-16 23:26:54 - [32minfo[39m: [32mAplicação rodando na porta 3000[39m
2025-08-16 23:26:57 - [32minfo[39m: [32mConectou no banco de dados[39m
2025-08-16 23:26:57 - [32minfo[39m: [32mAplicação rodando na porta 3000[39m
2025-08-16 23:27:00 - [32minfo[39m: [32mConectou no banco de dados[39m
2025-08-16 23:27:00 - [32minfo[39m: [32mAplicação rodando na porta 3000[39m
2025-08-16 23:27:02 - [32minfo[39m: [32mConectou no banco de dados[39m
2025-08-16 23:27:02 - [32minfo[39m: [32mAplicação rodando na porta 3000[39m
2025-08-16 23:27:06 - [32minfo[39m: [32mConectou no banco de dados[39m
2025-08-16 23:27:06 - [32minfo[39m: [32mAplicação rodando na porta 3000[39m
2025-08-16 23:27:11 - [32minfo[39m: [32mConectou no banco de dados[39m
2025-08-16 23:27:11 - [32minfo[39m: [32mAplicação rodando na porta 3000[39m
2025-08-16 23:27:14 - [32minfo[39m: [32mConectou no banco de dados[39m
2025-08-16 23:27:14 - [32minfo[39m: [32mAplicação rodando na porta 3000[39m
2025-08-16 23:27:16 - [32minfo[39m: [32mConectou no banco de dados[39m
2025-08-16 23:27:16 - [32minfo[39m: [32mAplicação rodando na porta 3000[39m
2025-08-16 23:27:21 - [32minfo[39m: [32mConectou no banco de dados[39m
2025-08-16 23:27:21 - [32minfo[39m: [32mAplicação rodando na porta 3000[39m
2025-08-16 23:29:06 - [32minfo[39m: [32mConectou no banco de dados[39m
2025-08-16 23:29:06 - [32minfo[39m: [32mAplicação rodando na porta 3000[39m
2025-08-16 23:32:47 - [32minfo[39m: [32mConectou no banco de dados[39m
2025-08-16 23:32:47 - [32minfo[39m: [32mAplicação rodando na porta 3000[39m
2025-08-16 23:32:54 - [32minfo[39m: [32mConectou no banco de dados[39m
2025-08-16 23:32:54 - [32minfo[39m: [32mAplicação rodando na porta 3000[39m
2025-08-16 23:32:57 - [32minfo[39m: [32mConectou no banco de dados[39m
2025-08-16 23:32:57 - [32minfo[39m: [32mAplicação rodando na porta 3000[39m
2025-08-16 23:33:03 - [32minfo[39m: [32mConectou no banco de dados[39m
2025-08-16 23:33:03 - [32minfo[39m: [32mAplicação rodando na porta 3000[39m
2025-08-16 23:33:13 - [32minfo[39m: [32mConectou no banco de dados[39m
2025-08-16 23:33:13 - [32minfo[39m: [32mAplicação rodando na porta 3000[39m
2025-08-16 23:33:33 - [32minfo[39m: [32mConectou no banco de dados[39m
2025-08-16 23:33:33 - [32minfo[39m: [32mAplicação rodando na porta 3000[39m
2025-08-16 23:34:56 - [35mhttp[39m: [35mPOST /api/wine 200 - - 62.408 ms[39m
[35m[39m
2025-08-17 09:43:16 - [32minfo[39m: [32mConectou no banco de dados[39m
2025-08-17 09:43:16 - [32minfo[39m: [32mAplicação rodando na porta 3000[39m
2025-08-17 09:43:56 - [32minfo[39m: [32mConectou no banco de dados[39m
2025-08-17 09:43:56 - [32minfo[39m: [32mAplicação rodando na porta 3000[39m
2025-08-17 09:43:58 - [32minfo[39m: [32mConectou no banco de dados[39m
2025-08-17 09:43:58 - [32minfo[39m: [32mAplicação rodando na porta 3000[39m
2025-08-17 09:44:02 - [32minfo[39m: [32mConectou no banco de dados[39m
2025-08-17 09:44:02 - [32minfo[39m: [32mAplicação rodando na porta 3000[39m
2025-08-17 09:44:08 - [35mhttp[39m: [35mPOST /api/wine 422 - - 6.545 ms[39m
[35m[39m
2025-08-17 09:44:39 - [32minfo[39m: [32mConectou no banco de dados[39m
2025-08-17 09:44:39 - [32minfo[39m: [32mAplicação rodando na porta 3000[39m
2025-08-17 09:44:40 - [32minfo[39m: [32mConectou no banco de dados[39m
2025-08-17 09:44:40 - [32minfo[39m: [32mAplicação rodando na porta 3000[39m
2025-08-17 09:44:44 - [32minfo[39m: [32mConectou no banco de dados[39m
2025-08-17 09:44:44 - [32minfo[39m: [32mAplicação rodando na porta 3000[39m
2025-08-17 09:44:47 - [32minfo[39m: [32mConectou no banco de dados[39m
2025-08-17 09:44:47 - [32minfo[39m: [32mAplicação rodando na porta 3000[39m
2025-08-17 09:44:55 - [32minfo[39m: [32mConectou no banco de dados[39m
2025-08-17 09:44:55 - [32minfo[39m: [32mAplicação rodando na porta 3000[39m
2025-08-17 09:45:25 - [32minfo[39m: [32mConectou no banco de dados[39m
2025-08-17 09:45:25 - [32minfo[39m: [32mAplicação rodando na porta 3000[39m
2025-08-17 09:45:31 - [32minfo[39m: [32mConectou no banco de dados[39m
2025-08-17 09:45:31 - [32minfo[39m: [32mAplicação rodando na porta 3000[39m
2025-08-17 09:45:38 - [32minfo[39m: [32mConectou no banco de dados[39m
2025-08-17 09:45:38 - [32minfo[39m: [32mAplicação rodando na porta 3000[39m
2025-08-17 09:45:48 - [35mhttp[39m: [35mGET / 404 - - 3.425 ms[39m
[35m[39m
2025-08-17 09:47:19 - [32minfo[39m: [32mConectou no banco de dados[39m
2025-08-17 09:47:19 - [32minfo[39m: [32mAplicação rodando na porta 3000[39m
2025-08-17 09:47:21 - [32minfo[39m: [32mConectou no banco de dados[39m
2025-08-17 09:47:21 - [32minfo[39m: [32mAplicação rodando na porta 3000[39m
2025-08-17 09:47:35 - [32minfo[39m: [32mConectou no banco de dados[39m
2025-08-17 09:47:35 - [32minfo[39m: [32mAplicação rodando na porta 3000[39m
2025-08-17 09:47:54 - [32minfo[39m: [32mConectou no banco de dados[39m
2025-08-17 09:47:54 - [32minfo[39m: [32mAplicação rodando na porta 3000[39m
2025-08-17 09:48:06 - [32minfo[39m: [32mConectou no banco de dados[39m
2025-08-17 09:48:06 - [32minfo[39m: [32mAplicação rodando na porta 3000[39m
2025-08-17 09:49:01 - [32minfo[39m: [32mConectou no banco de dados[39m
2025-08-17 09:49:01 - [32minfo[39m: [32mAplicação rodando na porta 3000[39m
2025-08-17 09:49:15 - [32minfo[39m: [32mConectou no banco de dados[39m
2025-08-17 09:49:15 - [32minfo[39m: [32mAplicação rodando na porta 3000[39m
2025-08-17 09:49:21 - [32minfo[39m: [32mConectou no banco de dados[39m
2025-08-17 09:49:21 - [32minfo[39m: [32mAplicação rodando na porta 3000[39m
2025-08-17 09:49:28 - [32minfo[39m: [32mConectou no banco de dados[39m
2025-08-17 09:49:28 - [32minfo[39m: [32mAplicação rodando na porta 3000[39m
2025-08-17 09:49:37 - [32minfo[39m: [32mConectou no banco de dados[39m
2025-08-17 09:49:37 - [32minfo[39m: [32mAplicação rodando na porta 3000[39m
2025-08-17 09:49:40 - [32minfo[39m: [32mConectou no banco de dados[39m
2025-08-17 09:49:40 - [32minfo[39m: [32mAplicação rodando na porta 3000[39m
2025-08-17 09:49:47 - [32minfo[39m: [32mConectou no banco de dados[39m
2025-08-17 09:49:47 - [32minfo[39m: [32mAplicação rodando na porta 3000[39m
2025-08-17 09:50:04 - [32minfo[39m: [32mConectou no banco de dados[39m
2025-08-17 09:50:04 - [32minfo[39m: [32mAplicação rodando na porta 3000[39m
2025-08-17 09:50:11 - [32minfo[39m: [32mConectou no banco de dados[39m
2025-08-17 09:50:11 - [32minfo[39m: [32mAplicação rodando na porta 3000[39m
2025-08-17 09:50:27 - [32minfo[39m: [32mConectou no banco de dados[39m
2025-08-17 09:50:27 - [32minfo[39m: [32mAplicação rodando na porta 3000[39m
2025-08-17 09:51:31 - [32minfo[39m: [32mConectou no banco de dados[39m
2025-08-17 09:51:31 - [32minfo[39m: [32mAplicação rodando na porta 3000[39m
2025-08-17 09:51:48 - [32minfo[39m: [32mConectou no banco de dados[39m
2025-08-17 09:51:48 - [32minfo[39m: [32mAplicação rodando na porta 3000[39m
2025-08-17 09:51:56 - [32minfo[39m: [32mConectou no banco de dados[39m
2025-08-17 09:51:56 - [32minfo[39m: [32mAplicação rodando na porta 3000[39m
2025-08-17 09:52:03 - [32minfo[39m: [32mConectou no banco de dados[39m
2025-08-17 09:52:03 - [32minfo[39m: [32mAplicação rodando na porta 3000[39m
2025-08-17 09:52:08 - [32minfo[39m: [32mConectou no banco de dados[39m
2025-08-17 09:52:08 - [32minfo[39m: [32mAplicação rodando na porta 3000[39m
2025-08-17 09:52:12 - [32minfo[39m: [32mConectou no banco de dados[39m
2025-08-17 09:52:12 - [32minfo[39m: [32mAplicação rodando na porta 3000[39m
2025-08-17 09:52:14 - [32minfo[39m: [32mConectou no banco de dados[39m
2025-08-17 09:52:14 - [32minfo[39m: [32mAplicação rodando na porta 3000[39m
2025-08-17 09:52:29 - [32minfo[39m: [32mConectou no banco de dados[39m
2025-08-17 09:52:29 - [32minfo[39m: [32mAplicação rodando na porta 3000[39m
2025-08-17 09:52:51 - [32minfo[39m: [32mConectou no banco de dados[39m
2025-08-17 09:52:51 - [32minfo[39m: [32mAplicação rodando na porta 3000[39m
2025-08-17 09:54:06 - [32minfo[39m: [32mConectou no banco de dados[39m
2025-08-17 09:54:06 - [32minfo[39m: [32mAplicação rodando na porta 3000[39m
2025-08-17 09:54:15 - [32minfo[39m: [32mConectou no banco de dados[39m
2025-08-17 09:54:15 - [32minfo[39m: [32mAplicação rodando na porta 3000[39m
2025-08-17 09:54:17 - [32minfo[39m: [32mConectou no banco de dados[39m
2025-08-17 09:54:17 - [32minfo[39m: [32mAplicação rodando na porta 3000[39m
2025-08-17 09:54:20 - [32minfo[39m: [32mConectou no banco de dados[39m
2025-08-17 09:54:20 - [32minfo[39m: [32mAplicação rodando na porta 3000[39m
2025-08-17 09:54:26 - [32minfo[39m: [32mConectou no banco de dados[39m
2025-08-17 09:54:26 - [32minfo[39m: [32mAplicação rodando na porta 3000[39m
2025-08-17 09:55:42 - [32minfo[39m: [32mConectou no banco de dados[39m
2025-08-17 09:55:42 - [32minfo[39m: [32mAplicação rodando na porta 3000[39m
2025-08-17 09:55:56 - [32minfo[39m: [32mConectou no banco de dados[39m
2025-08-17 09:55:56 - [32minfo[39m: [32mAplicação rodando na porta 3000[39m
2025-08-17 09:58:23 - [32minfo[39m: [32mConectou no banco de dados[39m
2025-08-17 09:58:23 - [32minfo[39m: [32mAplicação rodando na porta 3000[39m
2025-08-17 09:59:23 - [32minfo[39m: [32mConectou no banco de dados[39m
2025-08-17 09:59:23 - [32minfo[39m: [32mAplicação rodando na porta 3000[39m
2025-08-17 10:00:35 - [32minfo[39m: [32mConectou no banco de dados[39m
2025-08-17 10:00:35 - [32minfo[39m: [32mAplicação rodando na porta 3000[39m
2025-08-17 10:05:47 - [32minfo[39m: [32mConectou no banco de dados[39m
2025-08-17 10:05:47 - [32minfo[39m: [32mAplicação rodando na porta 3000[39m
2025-08-17 10:05:56 - [32minfo[39m: [32mConectou no banco de dados[39m
2025-08-17 10:05:56 - [32minfo[39m: [32mAplicação rodando na porta 3000[39m
2025-08-17 10:06:01 - [32minfo[39m: [32mConectou no banco de dados[39m
2025-08-17 10:06:01 - [32minfo[39m: [32mAplicação rodando na porta 3000[39m
2025-08-17 10:06:08 - [32minfo[39m: [32mConectou no banco de dados[39m
2025-08-17 10:06:08 - [32minfo[39m: [32mAplicação rodando na porta 3000[39m
2025-08-17 10:06:15 - [32minfo[39m: [32mConectou no banco de dados[39m
2025-08-17 10:06:15 - [32minfo[39m: [32mAplicação rodando na porta 3000[39m
2025-08-17 10:06:23 - [32minfo[39m: [32mConectou no banco de dados[39m
2025-08-17 10:06:23 - [32minfo[39m: [32mAplicação rodando na porta 3000[39m
2025-08-17 10:06:30 - [32minfo[39m: [32mConectou no banco de dados[39m
2025-08-17 10:06:30 - [32minfo[39m: [32mAplicação rodando na porta 3000[39m
2025-08-17 10:06:38 - [32minfo[39m: [32mConectou no banco de dados[39m
2025-08-17 10:06:38 - [32minfo[39m: [32mAplicação rodando na porta 3000[39m
2025-08-17 10:06:43 - [32minfo[39m: [32mConectou no banco de dados[39m
2025-08-17 10:06:43 - [32minfo[39m: [32mAplicação rodando na porta 3000[39m
2025-08-17 10:06:45 - [32minfo[39m: [32mConectou no banco de dados[39m
2025-08-17 10:06:45 - [32minfo[39m: [32mAplicação rodando na porta 3000[39m
2025-08-17 10:07:00 - [32minfo[39m: [32mConectou no banco de dados[39m
2025-08-17 10:07:00 - [32minfo[39m: [32mAplicação rodando na porta 3000[39m
2025-08-17 10:07:09 - [32minfo[39m: [32mConectou no banco de dados[39m
2025-08-17 10:07:09 - [32minfo[39m: [32mAplicação rodando na porta 3000[39m
2025-08-17 10:07:17 - [32minfo[39m: [32mConectou no banco de dados[39m
2025-08-17 10:07:17 - [32minfo[39m: [32mAplicação rodando na porta 3000[39m
2025-08-17 10:07:29 - [32minfo[39m: [32mConectou no banco de dados[39m
2025-08-17 10:07:29 - [32minfo[39m: [32mAplicação rodando na porta 3000[39m
2025-08-17 10:07:36 - [32minfo[39m: [32mConectou no banco de dados[39m
2025-08-17 10:07:36 - [32minfo[39m: [32mAplicação rodando na porta 3000[39m
2025-08-17 10:07:54 - [32minfo[39m: [32mConectou no banco de dados[39m
2025-08-17 10:07:54 - [32minfo[39m: [32mAplicação rodando na porta 3000[39m
2025-08-17 10:07:58 - [32minfo[39m: [32mConectou no banco de dados[39m
2025-08-17 10:07:58 - [32minfo[39m: [32mAplicação rodando na porta 3000[39m
2025-08-17 10:08:05 - [32minfo[39m: [32mConectou no banco de dados[39m
2025-08-17 10:08:05 - [32minfo[39m: [32mAplicação rodando na porta 3000[39m
2025-08-17 10:08:08 - [32minfo[39m: [32mConectou no banco de dados[39m
2025-08-17 10:08:08 - [32minfo[39m: [32mAplicação rodando na porta 3000[39m
2025-08-17 10:08:17 - [32minfo[39m: [32mConectou no banco de dados[39m
2025-08-17 10:08:17 - [32minfo[39m: [32mAplicação rodando na porta 3000[39m
2025-08-17 10:08:31 - [32minfo[39m: [32mConectou no banco de dados[39m
2025-08-17 10:08:31 - [32minfo[39m: [32mAplicação rodando na porta 3000[39m
2025-08-17 10:08:36 - [32minfo[39m: [32mConectou no banco de dados[39m
2025-08-17 10:08:36 - [32minfo[39m: [32mAplicação rodando na porta 3000[39m
2025-08-17 10:08:54 - [32minfo[39m: [32mConectou no banco de dados[39m
2025-08-17 10:08:54 - [32minfo[39m: [32mAplicação rodando na porta 3000[39m
2025-08-17 10:09:25 - [32minfo[39m: [32mConectou no banco de dados[39m
2025-08-17 10:09:25 - [32minfo[39m: [32mAplicação rodando na porta 3000[39m
2025-08-17 10:09:27 - [32minfo[39m: [32mConectou no banco de dados[39m
2025-08-17 10:09:27 - [32minfo[39m: [32mAplicação rodando na porta 3000[39m
2025-08-17 10:09:31 - [32minfo[39m: [32mConectou no banco de dados[39m
2025-08-17 10:09:31 - [32minfo[39m: [32mAplicação rodando na porta 3000[39m
2025-08-17 10:09:34 - [32minfo[39m: [32mConectou no banco de dados[39m
2025-08-17 10:09:34 - [32minfo[39m: [32mAplicação rodando na porta 3000[39m
2025-08-17 10:09:46 - [32minfo[39m: [32mConectou no banco de dados[39m
2025-08-17 10:09:46 - [32minfo[39m: [32mAplicação rodando na porta 3000[39m
2025-08-17 10:14:10 - [32minfo[39m: [32mConectou no banco de dados[39m
2025-08-17 10:14:10 - [32minfo[39m: [32mAplicação rodando na porta 3000[39m
2025-08-17 10:14:15 - [32minfo[39m: [32mConectou no banco de dados[39m
2025-08-17 10:14:15 - [32minfo[39m: [32mAplicação rodando na porta 3000[39m
2025-08-17 10:14:27 - [32minfo[39m: [32mConectou no banco de dados[39m
2025-08-17 10:14:27 - [32minfo[39m: [32mAplicação rodando na porta 3000[39m
2025-08-17 10:14:30 - [32minfo[39m: [32mConectou no banco de dados[39m
2025-08-17 10:14:30 - [32minfo[39m: [32mAplicação rodando na porta 3000[39m
2025-08-17 10:14:47 - [32minfo[39m: [32mConectou no banco de dados[39m
2025-08-17 10:14:47 - [32minfo[39m: [32mAplicação rodando na porta 3000[39m
2025-08-17 10:17:24 - [32minfo[39m: [32mConectou no banco de dados[39m
2025-08-17 10:17:24 - [32minfo[39m: [32mAplicação rodando na porta 3000[39m
2025-08-17 10:17:30 - [32minfo[39m: [32mConectou no banco de dados[39m
2025-08-17 10:17:30 - [32minfo[39m: [32mAplicação rodando na porta 3000[39m
2025-08-17 10:17:55 - [32minfo[39m: [32mConectou no banco de dados[39m
2025-08-17 10:17:55 - [32minfo[39m: [32mAplicação rodando na porta 3000[39m
2025-08-17 10:18:06 - [32minfo[39m: [32mConectou no banco de dados[39m
2025-08-17 10:18:06 - [32minfo[39m: [32mAplicação rodando na porta 3000[39m
2025-08-17 10:18:11 - [32minfo[39m: [32mConectou no banco de dados[39m
2025-08-17 10:18:11 - [32minfo[39m: [32mAplicação rodando na porta 3000[39m
2025-08-17 10:18:22 - [32minfo[39m: [32mConectou no banco de dados[39m
2025-08-17 10:18:22 - [32minfo[39m: [32mAplicação rodando na porta 3000[39m
2025-08-17 10:18:28 - [32minfo[39m: [32mConectou no banco de dados[39m
2025-08-17 10:18:28 - [32minfo[39m: [32mAplicação rodando na porta 3000[39m
2025-08-17 10:21:23 - [32minfo[39m: [32mConectou no banco de dados[39m
2025-08-17 10:21:23 - [32minfo[39m: [32mAplicação rodando na porta 3000[39m
2025-08-17 10:21:30 - [32minfo[39m: [32mConectou no banco de dados[39m
2025-08-17 10:21:30 - [32minfo[39m: [32mAplicação rodando na porta 3000[39m
2025-08-17 10:21:59 - [32minfo[39m: [32mConectou no banco de dados[39m
2025-08-17 10:21:59 - [32minfo[39m: [32mAplicação rodando na porta 3000[39m
2025-08-17 10:22:04 - [32minfo[39m: [32mConectou no banco de dados[39m
2025-08-17 10:22:04 - [32minfo[39m: [32mAplicação rodando na porta 3000[39m
2025-08-17 10:22:07 - [32minfo[39m: [32mConectou no banco de dados[39m
2025-08-17 10:22:07 - [32minfo[39m: [32mAplicação rodando na porta 3000[39m
2025-08-17 10:22:13 - [32minfo[39m: [32mConectou no banco de dados[39m
2025-08-17 10:22:13 - [32minfo[39m: [32mAplicação rodando na porta 3000[39m
2025-08-17 10:22:17 - [32minfo[39m: [32mConectou no banco de dados[39m
2025-08-17 10:22:17 - [32minfo[39m: [32mAplicação rodando na porta 3000[39m
2025-08-17 10:22:25 - [32minfo[39m: [32mConectou no banco de dados[39m
2025-08-17 10:22:26 - [32minfo[39m: [32mAplicação rodando na porta 3000[39m
2025-08-17 10:22:51 - [32minfo[39m: [32mConectou no banco de dados[39m
2025-08-17 10:22:51 - [32minfo[39m: [32mAplicação rodando na porta 3000[39m
2025-08-17 10:23:00 - [32minfo[39m: [32mConectou no banco de dados[39m
2025-08-17 10:23:00 - [32minfo[39m: [32mAplicação rodando na porta 3000[39m
2025-08-17 10:23:57 - [32minfo[39m: [32mConectou no banco de dados[39m
2025-08-17 10:23:57 - [32minfo[39m: [32mAplicação rodando na porta 3000[39m
2025-08-17 10:24:00 - [32minfo[39m: [32mConectou no banco de dados[39m
2025-08-17 10:24:00 - [32minfo[39m: [32mAplicação rodando na porta 3000[39m
2025-08-17 10:24:20 - [32minfo[39m: [32mConectou no banco de dados[39m
2025-08-17 10:24:20 - [32minfo[39m: [32mAplicação rodando na porta 3000[39m
2025-08-17 10:24:26 - [32minfo[39m: [32mConectou no banco de dados[39m
2025-08-17 10:24:26 - [32minfo[39m: [32mAplicação rodando na porta 3000[39m
2025-08-17 10:24:40 - [32minfo[39m: [32mConectou no banco de dados[39m
2025-08-17 10:24:40 - [32minfo[39m: [32mAplicação rodando na porta 3000[39m
2025-08-17 10:24:51 - [32minfo[39m: [32mConectou no banco de dados[39m
2025-08-17 10:24:51 - [32minfo[39m: [32mAplicação rodando na porta 3000[39m
2025-08-17 10:25:08 - [32minfo[39m: [32mConectou no banco de dados[39m
2025-08-17 10:25:08 - [32minfo[39m: [32mAplicação rodando na porta 3000[39m
2025-08-17 10:25:18 - [32minfo[39m: [32mConectou no banco de dados[39m
2025-08-17 10:25:18 - [32minfo[39m: [32mAplicação rodando na porta 3000[39m
2025-08-17 10:25:33 - [32minfo[39m: [32mConectou no banco de dados[39m
2025-08-17 10:25:33 - [32minfo[39m: [32mAplicação rodando na porta 3000[39m
2025-08-17 10:25:45 - [32minfo[39m: [32mConectou no banco de dados[39m
2025-08-17 10:25:45 - [32minfo[39m: [32mAplicação rodando na porta 3000[39m
2025-08-17 10:25:59 - [32minfo[39m: [32mConectou no banco de dados[39m
2025-08-17 10:26:00 - [32minfo[39m: [32mAplicação rodando na porta 3000[39m
2025-08-17 10:26:23 - [32minfo[39m: [32mConectou no banco de dados[39m
2025-08-17 10:26:23 - [32minfo[39m: [32mAplicação rodando na porta 3000[39m
2025-08-17 10:26:28 - [32minfo[39m: [32mConectou no banco de dados[39m
2025-08-17 10:26:28 - [32minfo[39m: [32mAplicação rodando na porta 3000[39m
2025-08-17 10:26:31 - [32minfo[39m: [32mConectou no banco de dados[39m
2025-08-17 10:26:31 - [32minfo[39m: [32mAplicação rodando na porta 3000[39m
2025-08-17 10:26:49 - [32minfo[39m: [32mConectou no banco de dados[39m
2025-08-17 10:26:49 - [32minfo[39m: [32mAplicação rodando na porta 3000[39m
2025-08-17 10:28:39 - [32minfo[39m: [32mConectou no banco de dados[39m
2025-08-17 10:28:39 - [32minfo[39m: [32mAplicação rodando na porta 3000[39m
2025-08-17 10:28:48 - [32minfo[39m: [32mConectou no banco de dados[39m
2025-08-17 10:28:48 - [32minfo[39m: [32mAplicação rodando na porta 3000[39m
2025-08-17 10:28:57 - [35mhttp[39m: [35mPOST /api/wine 422 - - 32.025 ms[39m
[35m[39m
2025-08-17 10:29:40 - [35mhttp[39m: [35mPOST /api/wine 422 - - 1.789 ms[39m
[35m[39m
2025-08-17 10:30:48 - [32minfo[39m: [32mConectou no banco de dados[39m
2025-08-17 10:30:48 - [32minfo[39m: [32mAplicação rodando na porta 3000[39m
2025-08-17 10:31:12 - [32minfo[39m: [32mConectou no banco de dados[39m
2025-08-17 10:31:12 - [32minfo[39m: [32mAplicação rodando na porta 3000[39m
2025-08-17 10:31:16 - [32minfo[39m: [32mConectou no banco de dados[39m
2025-08-17 10:31:16 - [32minfo[39m: [32mAplicação rodando na porta 3000[39m
2025-08-17 10:31:22 - [32minfo[39m: [32mConectou no banco de dados[39m
2025-08-17 10:31:22 - [32minfo[39m: [32mAplicação rodando na porta 3000[39m
2025-08-17 10:31:24 - [35mhttp[39m: [35mPOST /api/wine 422 - - 10.199 ms[39m
[35m[39m
2025-08-17 10:33:23 - [32minfo[39m: [32mConectou no banco de dados[39m
2025-08-17 10:33:23 - [32minfo[39m: [32mAplicação rodando na porta 3000[39m
2025-08-17 10:34:05 - [32minfo[39m: [32mConectou no banco de dados[39m
2025-08-17 10:34:05 - [32minfo[39m: [32mAplicação rodando na porta 3000[39m
2025-08-17 10:38:32 - [32minfo[39m: [32mConectou no banco de dados[39m
2025-08-17 10:38:32 - [32minfo[39m: [32mAplicação rodando na porta 3000[39m
2025-08-17 10:38:34 - [32minfo[39m: [32mConectou no banco de dados[39m
2025-08-17 10:38:34 - [32minfo[39m: [32mAplicação rodando na porta 3000[39m
2025-08-17 10:38:36 - [32minfo[39m: [32mConectou no banco de dados[39m
2025-08-17 10:38:36 - [32minfo[39m: [32mAplicação rodando na porta 3000[39m
2025-08-17 10:38:41 - [32minfo[39m: [32mConectou no banco de dados[39m
2025-08-17 10:38:41 - [32minfo[39m: [32mAplicação rodando na porta 3000[39m
2025-08-17 10:38:48 - [32minfo[39m: [32mConectou no banco de dados[39m
2025-08-17 10:38:48 - [32minfo[39m: [32mAplicação rodando na porta 3000[39m
2025-08-17 10:38:54 - [32minfo[39m: [32mConectou no banco de dados[39m
2025-08-17 10:38:54 - [32minfo[39m: [32mAplicação rodando na porta 3000[39m
2025-08-17 10:38:57 - [32minfo[39m: [32mConectou no banco de dados[39m
2025-08-17 10:38:57 - [32minfo[39m: [32mAplicação rodando na porta 3000[39m
2025-08-17 10:39:04 - [32minfo[39m: [32mConectou no banco de dados[39m
2025-08-17 10:39:04 - [32minfo[39m: [32mAplicação rodando na porta 3000[39m
2025-08-17 10:39:07 - [32minfo[39m: [32mConectou no banco de dados[39m
2025-08-17 10:39:07 - [32minfo[39m: [32mAplicação rodando na porta 3000[39m
2025-08-17 10:39:23 - [32minfo[39m: [32mConectou no banco de dados[39m
2025-08-17 10:39:23 - [32minfo[39m: [32mAplicação rodando na porta 3000[39m
2025-08-17 10:39:25 - [32minfo[39m: [32mConectou no banco de dados[39m
2025-08-17 10:39:25 - [32minfo[39m: [32mAplicação rodando na porta 3000[39m
2025-08-17 10:39:41 - [32minfo[39m: [32mConectou no banco de dados[39m
2025-08-17 10:39:41 - [32minfo[39m: [32mAplicação rodando na porta 3000[39m
2025-08-17 10:39:47 - [32minfo[39m: [32mConectou no banco de dados[39m
2025-08-17 10:39:47 - [32minfo[39m: [32mAplicação rodando na porta 3000[39m
2025-08-17 10:39:49 - [32minfo[39m: [32mConectou no banco de dados[39m
2025-08-17 10:39:49 - [32minfo[39m: [32mAplicação rodando na porta 3000[39m
2025-08-17 10:39:51 - [32minfo[39m: [32mConectou no banco de dados[39m
2025-08-17 10:39:51 - [32minfo[39m: [32mAplicação rodando na porta 3000[39m
2025-08-17 10:40:03 - [32minfo[39m: [32mConectou no banco de dados[39m
2025-08-17 10:40:03 - [32minfo[39m: [32mAplicação rodando na porta 3000[39m
2025-08-17 10:40:05 - [32minfo[39m: [32mConectou no banco de dados[39m
2025-08-17 10:40:05 - [32minfo[39m: [32mAplicação rodando na porta 3000[39m
2025-08-17 10:40:20 - [32minfo[39m: [32mConectou no banco de dados[39m
2025-08-17 10:40:20 - [32minfo[39m: [32mAplicação rodando na porta 3000[39m
2025-08-17 10:40:51 - [32minfo[39m: [32mConectou no banco de dados[39m
2025-08-17 10:40:51 - [32minfo[39m: [32mAplicação rodando na porta 3000[39m
2025-08-17 10:42:03 - [35mhttp[39m: [35mPOST /api/wine 422 - - 34.465 ms[39m
[35m[39m
2025-08-17 10:42:34 - [35mhttp[39m: [35mPOST /api/wine 422 - - 3.186 ms[39m
[35m[39m
2025-08-17 10:42:58 - [35mhttp[39m: [35mPOST /api/wine 422 - - 2.070 ms[39m
[35m[39m
2025-08-17 10:45:17 - [32minfo[39m: [32mConectou no banco de dados[39m
2025-08-17 10:45:17 - [32minfo[39m: [32mAplicação rodando na porta 3000[39m
2025-08-17 10:45:19 - [32minfo[39m: [32mConectou no banco de dados[39m
2025-08-17 10:45:19 - [32minfo[39m: [32mAplicação rodando na porta 3000[39m
2025-08-17 10:45:23 - [32minfo[39m: [32mConectou no banco de dados[39m
2025-08-17 10:45:23 - [32minfo[39m: [32mAplicação rodando na porta 3000[39m
2025-08-17 10:45:27 - [32minfo[39m: [32mConectou no banco de dados[39m
2025-08-17 10:45:27 - [32minfo[39m: [32mAplicação rodando na porta 3000[39m
2025-08-17 10:45:28 - [35mhttp[39m: [35mPOST /api/wine 422 - - 11.825 ms[39m
[35m[39m
2025-08-17 10:45:52 - [32minfo[39m: [32mConectou no banco de dados[39m
2025-08-17 10:45:52 - [32minfo[39m: [32mAplicação rodando na porta 3000[39m
2025-08-17 10:45:53 - [35mhttp[39m: [35mPOST /api/wine 200 - - 357.809 ms[39m
[35m[39m
2025-08-17 10:54:15 - [32minfo[39m: [32mConectou no banco de dados[39m
2025-08-17 10:54:15 - [32minfo[39m: [32mAplicação rodando na porta 3000[39m
2025-08-17 10:54:44 - [35mhttp[39m: [35mGET /api/wine/68a1dd10ce183ae3cf9e77b2 - - - - ms[39m
[35m[39m
2025-08-17 10:54:45 - [35mhttp[39m: [35mGET /api/wine 404 - - 5.249 ms[39m
[35m[39m
2025-08-17 10:55:33 - [35mhttp[39m: [35mGET /api/wine/68a1dd10ce183ae3cf9e77b2 - - - - ms[39m
[35m[39m
2025-08-17 10:55:46 - [32minfo[39m: [32mConectou no banco de dados[39m
2025-08-17 10:55:46 - [32minfo[39m: [32mAplicação rodando na porta 3000[39m
2025-08-17 10:56:07 - [32minfo[39m: [32mConectou no banco de dados[39m
2025-08-17 10:56:07 - [32minfo[39m: [32mAplicação rodando na porta 3000[39m
2025-08-17 10:56:07 - [35mhttp[39m: [35mGET /api/wine/68a1dd10ce183ae3cf9e77b2 200 - - 90.687 ms[39m
[35m[39m
2025-08-17 11:22:24 - [31merror[39m: [31mNão foi possível conectar[39m
2025-08-17 11:22:24 - [31merror[39m: [31mErro: MongoServerError: bad auth : Authentication failed.[39m
2025-08-17 11:22:24 - [32minfo[39m: [32mAplicação rodando na porta 3000[39m
2025-08-17 11:22:36 - [31merror[39m: [31mErro no sistema: Operation `wines.find()` buffering timed out after 10000ms[39m
2025-08-17 11:22:44 - [35mhttp[39m: [35mGET /api/wine - - - - ms[39m
[35m[39m
2025-08-17 11:23:00 - [31merror[39m: [31mNão foi possível conectar[39m
2025-08-17 11:23:00 - [31merror[39m: [31mErro: MongoServerError: bad auth : Authentication failed.[39m
2025-08-17 11:23:00 - [32minfo[39m: [32mAplicação rodando na porta 3000[39m
2025-08-17 11:23:10 - [35mhttp[39m: [35mGET /api/wine - - - - ms[39m
[35m[39m
2025-08-17 11:23:12 - [31merror[39m: [31mErro no sistema: Operation `wines.find()` buffering timed out after 10000ms[39m
2025-08-17 11:24:27 - [32minfo[39m: [32mConectou no banco de dados[39m
2025-08-17 11:24:27 - [32minfo[39m: [32mAplicação rodando na porta 3000[39m
2025-08-17 11:24:28 - [35mhttp[39m: [35mGET /api/wine 200 - - 56.268 ms[39m
[35m[39m
2025-08-17 11:24:40 - [32minfo[39m: [32mConectou no banco de dados[39m
2025-08-17 11:24:40 - [32minfo[39m: [32mAplicação rodando na porta 3000[39m
2025-08-17 11:24:41 - [35mhttp[39m: [35mGET /api/wine 200 - - 44.114 ms[39m
[35m[39m
2025-08-17 11:25:12 - [32minfo[39m: [32mConectou no banco de dados[39m
2025-08-17 11:25:12 - [32minfo[39m: [32mAplicação rodando na porta 3000[39m
2025-08-17 11:25:32 - [32minfo[39m: [32mConectou no banco de dados[39m
2025-08-17 11:25:32 - [32minfo[39m: [32mAplicação rodando na porta 3000[39m
2025-08-17 11:25:43 - [32minfo[39m: [32mConectou no banco de dados[39m
2025-08-17 11:25:43 - [32minfo[39m: [32mAplicação rodando na porta 3000[39m
2025-08-17 11:25:46 - [32minfo[39m: [32mConectou no banco de dados[39m
2025-08-17 11:25:46 - [32minfo[39m: [32mAplicação rodando na porta 3000[39m
2025-08-17 11:25:51 - [32minfo[39m: [32mConectou no banco de dados[39m
2025-08-17 11:25:51 - [32minfo[39m: [32mAplicação rodando na porta 3000[39m
2025-08-17 11:25:54 - [32minfo[39m: [32mConectou no banco de dados[39m
2025-08-17 11:25:54 - [32minfo[39m: [32mAplicação rodando na porta 3000[39m
2025-08-17 11:26:13 - [32minfo[39m: [32mConectou no banco de dados[39m
2025-08-17 11:26:13 - [32minfo[39m: [32mAplicação rodando na porta 3000[39m
2025-08-17 11:26:18 - [32minfo[39m: [32mConectou no banco de dados[39m
2025-08-17 11:26:18 - [32minfo[39m: [32mAplicação rodando na porta 3000[39m
2025-08-17 11:26:27 - [32minfo[39m: [32mConectou no banco de dados[39m
2025-08-17 11:26:27 - [32minfo[39m: [32mAplicação rodando na porta 3000[39m
2025-08-17 11:26:32 - [32minfo[39m: [32mConectou no banco de dados[39m
2025-08-17 11:26:32 - [32minfo[39m: [32mAplicação rodando na porta 3000[39m
2025-08-17 11:26:38 - [32minfo[39m: [32mConectou no banco de dados[39m
2025-08-17 11:26:38 - [32minfo[39m: [32mAplicação rodando na porta 3000[39m
2025-08-17 11:26:49 - [32minfo[39m: [32mConectou no banco de dados[39m
2025-08-17 11:26:49 - [32minfo[39m: [32mAplicação rodando na porta 3000[39m
2025-08-17 11:26:51 - [32minfo[39m: [32mConectou no banco de dados[39m
2025-08-17 11:26:51 - [32minfo[39m: [32mAplicação rodando na porta 3000[39m
2025-08-17 11:26:54 - [32minfo[39m: [32mConectou no banco de dados[39m
2025-08-17 11:26:54 - [32minfo[39m: [32mAplicação rodando na porta 3000[39m
2025-08-17 11:26:56 - [32minfo[39m: [32mConectou no banco de dados[39m
2025-08-17 11:26:56 - [32minfo[39m: [32mAplicação rodando na porta 3000[39m
2025-08-17 11:27:12 - [32minfo[39m: [32mConectou no banco de dados[39m
2025-08-17 11:27:12 - [32minfo[39m: [32mAplicação rodando na porta 3000[39m
2025-08-17 11:27:14 - [32minfo[39m: [32mConectou no banco de dados[39m
2025-08-17 11:27:14 - [32minfo[39m: [32mAplicação rodando na porta 3000[39m
2025-08-17 11:27:18 - [32minfo[39m: [32mConectou no banco de dados[39m
2025-08-17 11:27:18 - [32minfo[39m: [32mAplicação rodando na porta 3000[39m
2025-08-17 11:27:28 - [32minfo[39m: [32mConectou no banco de dados[39m
2025-08-17 11:27:28 - [32minfo[39m: [32mAplicação rodando na porta 3000[39m
2025-08-17 11:27:34 - [32minfo[39m: [32mConectou no banco de dados[39m
2025-08-17 11:27:34 - [32minfo[39m: [32mAplicação rodando na porta 3000[39m
2025-08-17 11:27:40 - [32minfo[39m: [32mConectou no banco de dados[39m
2025-08-17 11:27:40 - [32minfo[39m: [32mAplicação rodando na porta 3000[39m
2025-08-17 11:27:42 - [32minfo[39m: [32mConectou no banco de dados[39m
2025-08-17 11:27:42 - [32minfo[39m: [32mAplicação rodando na porta 3000[39m
2025-08-17 11:27:50 - [32minfo[39m: [32mConectou no banco de dados[39m
2025-08-17 11:27:50 - [32minfo[39m: [32mAplicação rodando na porta 3000[39m
2025-08-17 11:28:12 - [32minfo[39m: [32mConectou no banco de dados[39m
2025-08-17 11:28:12 - [32minfo[39m: [32mAplicação rodando na porta 3000[39m
2025-08-17 11:28:22 - [32minfo[39m: [32mConectou no banco de dados[39m
2025-08-17 11:28:22 - [32minfo[39m: [32mAplicação rodando na porta 3000[39m
2025-08-17 11:28:27 - [32minfo[39m: [32mConectou no banco de dados[39m
2025-08-17 11:28:27 - [32minfo[39m: [32mAplicação rodando na porta 3000[39m
2025-08-17 11:28:33 - [32minfo[39m: [32mConectou no banco de dados[39m
2025-08-17 11:28:33 - [32minfo[39m: [32mAplicação rodando na porta 3000[39m
2025-08-17 11:28:39 - [32minfo[39m: [32mConectou no banco de dados[39m
2025-08-17 11:28:39 - [32minfo[39m: [32mAplicação rodando na porta 3000[39m
2025-08-17 11:28:52 - [32minfo[39m: [32mConectou no banco de dados[39m
2025-08-17 11:28:52 - [32minfo[39m: [32mAplicação rodando na porta 3000[39m
2025-08-17 11:29:07 - [32minfo[39m: [32mConectou no banco de dados[39m
2025-08-17 11:29:07 - [32minfo[39m: [32mAplicação rodando na porta 3000[39m
2025-08-17 11:29:45 - [32minfo[39m: [32mConectou no banco de dados[39m
2025-08-17 11:29:45 - [32minfo[39m: [32mAplicação rodando na porta 3000[39m
2025-08-17 11:30:04 - [32minfo[39m: [32mConectou no banco de dados[39m
2025-08-17 11:30:04 - [32minfo[39m: [32mAplicação rodando na porta 3000[39m
2025-08-17 11:30:10 - [32minfo[39m: [32mConectou no banco de dados[39m
2025-08-17 11:30:10 - [32minfo[39m: [32mAplicação rodando na porta 3000[39m
2025-08-17 11:30:12 - [32minfo[39m: [32mConectou no banco de dados[39m
2025-08-17 11:30:12 - [32minfo[39m: [32mAplicação rodando na porta 3000[39m
2025-08-17 11:30:18 - [32minfo[39m: [32mConectou no banco de dados[39m
2025-08-17 11:30:18 - [32minfo[39m: [32mAplicação rodando na porta 3000[39m
2025-08-17 11:30:22 - [32minfo[39m: [32mConectou no banco de dados[39m
2025-08-17 11:30:22 - [32minfo[39m: [32mAplicação rodando na porta 3000[39m
2025-08-17 11:30:25 - [32minfo[39m: [32mConectou no banco de dados[39m
2025-08-17 11:30:25 - [32minfo[39m: [32mAplicação rodando na porta 3000[39m
2025-08-17 11:30:31 - [32minfo[39m: [32mConectou no banco de dados[39m
2025-08-17 11:30:31 - [32minfo[39m: [32mAplicação rodando na porta 3000[39m
2025-08-17 11:30:34 - [32minfo[39m: [32mConectou no banco de dados[39m
2025-08-17 11:30:34 - [32minfo[39m: [32mAplicação rodando na porta 3000[39m
2025-08-17 11:30:46 - [32minfo[39m: [32mConectou no banco de dados[39m
2025-08-17 11:30:46 - [32minfo[39m: [32mAplicação rodando na porta 3000[39m
2025-08-17 11:30:54 - [32minfo[39m: [32mConectou no banco de dados[39m
2025-08-17 11:30:54 - [32minfo[39m: [32mAplicação rodando na porta 3000[39m
2025-08-17 11:31:35 - [35mhttp[39m: [35mDELETE /api/wine/68a13fd0bf2ddbaa2b482cd5 200 - - 78.251 ms[39m
[35m[39m
2025-08-17 11:32:12 - [32minfo[39m: [32mConectou no banco de dados[39m
2025-08-17 11:32:12 - [32minfo[39m: [32mAplicação rodando na porta 3000[39m
2025-08-17 11:32:16 - [32minfo[39m: [32mConectou no banco de dados[39m
2025-08-17 11:32:16 - [32minfo[39m: [32mAplicação rodando na porta 3000[39m
2025-08-17 11:32:48 - [32minfo[39m: [32mConectou no banco de dados[39m
2025-08-17 11:32:48 - [32minfo[39m: [32mAplicação rodando na porta 3000[39m
2025-08-17 11:32:58 - [32minfo[39m: [32mConectou no banco de dados[39m
2025-08-17 11:32:58 - [32minfo[39m: [32mAplicação rodando na porta 3000[39m
2025-08-17 11:33:07 - [32minfo[39m: [32mConectou no banco de dados[39m
2025-08-17 11:33:07 - [32minfo[39m: [32mAplicação rodando na porta 3000[39m
2025-08-17 11:33:09 - [32minfo[39m: [32mConectou no banco de dados[39m
2025-08-17 11:33:09 - [32minfo[39m: [32mAplicação rodando na porta 3000[39m
2025-08-17 11:33:23 - [32minfo[39m: [32mConectou no banco de dados[39m
2025-08-17 11:33:23 - [32minfo[39m: [32mAplicação rodando na porta 3000[39m
2025-08-17 11:33:28 - [32minfo[39m: [32mConectou no banco de dados[39m
2025-08-17 11:33:28 - [32minfo[39m: [32mAplicação rodando na porta 3000[39m
2025-08-17 11:33:35 - [32minfo[39m: [32mConectou no banco de dados[39m
2025-08-17 11:33:35 - [32minfo[39m: [32mAplicação rodando na porta 3000[39m
2025-08-17 11:33:39 - [32minfo[39m: [32mConectou no banco de dados[39m
2025-08-17 11:33:39 - [32minfo[39m: [32mAplicação rodando na porta 3000[39m
2025-08-17 11:33:56 - [32minfo[39m: [32mConectou no banco de dados[39m
2025-08-17 11:33:56 - [32minfo[39m: [32mAplicação rodando na porta 3000[39m
2025-08-17 11:34:10 - [32minfo[39m: [32mConectou no banco de dados[39m
2025-08-17 11:34:10 - [32minfo[39m: [32mAplicação rodando na porta 3000[39m
2025-08-17 11:34:12 - [32minfo[39m: [32mConectou no banco de dados[39m
2025-08-17 11:34:12 - [32minfo[39m: [32mAplicação rodando na porta 3000[39m
2025-08-17 11:34:39 - [32minfo[39m: [32mConectou no banco de dados[39m
2025-08-17 11:34:39 - [32minfo[39m: [32mAplicação rodando na porta 3000[39m
2025-08-17 11:34:42 - [32minfo[39m: [32mConectou no banco de dados[39m
2025-08-17 11:34:42 - [32minfo[39m: [32mAplicação rodando na porta 3000[39m
2025-08-17 11:34:47 - [32minfo[39m: [32mConectou no banco de dados[39m
2025-08-17 11:34:47 - [32minfo[39m: [32mAplicação rodando na porta 3000[39m
2025-08-17 11:35:04 - [32minfo[39m: [32mConectou no banco de dados[39m
2025-08-17 11:35:04 - [32minfo[39m: [32mAplicação rodando na porta 3000[39m
2025-08-17 11:35:09 - [32minfo[39m: [32mConectou no banco de dados[39m
2025-08-17 11:35:09 - [32minfo[39m: [32mAplicação rodando na porta 3000[39m
2025-08-17 11:35:15 - [32minfo[39m: [32mConectou no banco de dados[39m
2025-08-17 11:35:15 - [32minfo[39m: [32mAplicação rodando na porta 3000[39m
2025-08-17 11:35:16 - [32minfo[39m: [32mConectou no banco de dados[39m
2025-08-17 11:35:16 - [32minfo[39m: [32mAplicação rodando na porta 3000[39m
2025-08-17 11:35:18 - [32minfo[39m: [32mConectou no banco de dados[39m
2025-08-17 11:35:18 - [32minfo[39m: [32mAplicação rodando na porta 3000[39m
2025-08-17 11:35:22 - [32minfo[39m: [32mConectou no banco de dados[39m
2025-08-17 11:35:22 - [32minfo[39m: [32mAplicação rodando na porta 3000[39m
2025-08-17 11:35:42 - [32minfo[39m: [32mConectou no banco de dados[39m
2025-08-17 11:35:42 - [32minfo[39m: [32mAplicação rodando na porta 3000[39m
2025-08-17 11:35:49 - [32minfo[39m: [32mConectou no banco de dados[39m
2025-08-17 11:35:49 - [32minfo[39m: [32mAplicação rodando na porta 3000[39m
2025-08-17 11:35:53 - [32minfo[39m: [32mConectou no banco de dados[39m
2025-08-17 11:35:53 - [32minfo[39m: [32mAplicação rodando na porta 3000[39m
2025-08-17 11:35:55 - [32minfo[39m: [32mConectou no banco de dados[39m
2025-08-17 11:35:55 - [32minfo[39m: [32mAplicação rodando na porta 3000[39m
2025-08-17 11:36:40 - [35mhttp[39m: [35mGET /api/wine 200 - - 42.010 ms[39m
[35m[39m
2025-08-17 11:37:07 - [35mhttp[39m: [35mPATCH /api/wine/68a1dd10ce183ae3cf9e77b2 404 - - 0.932 ms[39m
[35m[39m
2025-08-17 11:37:27 - [32minfo[39m: [32mConectou no banco de dados[39m
2025-08-17 11:37:27 - [32minfo[39m: [32mAplicação rodando na porta 3000[39m
2025-08-17 11:37:27 - [35mhttp[39m: [35mPATCH /api/wine/68a1dd10ce183ae3cf9e77b2 200 - - 376.112 ms[39m
[35m[39m
2025-08-17 11:37:31 - [35mhttp[39m: [35mGET /api/wine 200 - - 49.663 ms[39m
[35m[39m
2025-08-17 13:32:53 - [32minfo[39m: [32mConectou no banco de dados[39m
2025-08-17 13:32:53 - [32minfo[39m: [32mAplicação rodando na porta 3000[39m
2025-08-17 13:33:41 - [32minfo[39m: [32mConectou no banco de dados[39m
2025-08-17 13:33:41 - [32minfo[39m: [32mAplicação rodando na porta 3000[39m
2025-08-17 13:55:54 - [32minfo[39m: [32mConectou no banco de dados[39m
2025-08-17 13:55:54 - [32minfo[39m: [32mAplicação rodando na porta 3000[39m
2025-08-17 13:55:57 - [32minfo[39m: [32mConectou no banco de dados[39m
2025-08-17 13:55:57 - [32minfo[39m: [32mAplicação rodando na porta 3000[39m
2025-08-17 14:29:00 - [32minfo[39m: [32mConectou no banco de dados[39m
2025-08-17 14:29:00 - [32minfo[39m: [32mAplicação rodando na porta 3000[39m
2025-08-17 14:30:33 - [32minfo[39m: [32mConectou no banco de dados[39m
2025-08-17 14:30:33 - [32minfo[39m: [32mAplicação rodando na porta 3000[39m
2025-08-17 14:36:01 - [32minfo[39m: [32mConectou no banco de dados[39m
2025-08-17 14:36:01 - [32minfo[39m: [32mAplicação rodando na porta 3000[39m
2025-08-17 14:42:45 - [32minfo[39m: [32mConectou no banco de dados[39m
2025-08-17 14:42:45 - [32minfo[39m: [32mAplicação rodando na porta 3000[39m
2025-08-17 14:42:48 - [32minfo[39m: [32mConectou no banco de dados[39m
2025-08-17 14:42:48 - [32minfo[39m: [32mAplicação rodando na porta 3000[39m
2025-08-17 14:42:52 - [32minfo[39m: [32mConectou no banco de dados[39m
2025-08-17 14:42:52 - [32minfo[39m: [32mAplicação rodando na porta 3000[39m
2025-08-17 14:45:58 - [32minfo[39m: [32mConectou no banco de dados[39m
2025-08-17 14:45:58 - [32minfo[39m: [32mAplicação rodando na porta 3000[39m
2025-08-17 14:46:51 - [35mhttp[39m: [35mPOST /api/auth/register 422 - - 58.892 ms[39m
[35m[39m
2025-08-17 14:47:23 - [35mhttp[39m: [35mPOST /api/auth/register 422 - - 43.595 ms[39m
[35m[39m
2025-08-17 14:47:33 - [35mhttp[39m: [35mPOST /api/auth/register 422 - - 41.922 ms[39m
[35m[39m
2025-08-17 14:48:24 - [32minfo[39m: [32mConectou no banco de dados[39m
2025-08-17 14:48:24 - [32minfo[39m: [32mAplicação rodando na porta 3000[39m
2025-08-17 14:48:26 - [35mhttp[39m: [35mPOST /api/auth/register 422 - - 101.230 ms[39m
[35m[39m
2025-08-17 14:48:32 - [35mhttp[39m: [35mPOST /api/auth/register 200 - - 230.372 ms[39m
[35m[39m
2025-08-17 14:50:58 - [35mhttp[39m: [35mPOST /api/auth/login 200 - - 166.525 ms[39m
[35m[39m
2025-08-17 14:51:26 - [32minfo[39m: [32mConectou no banco de dados[39m
2025-08-17 14:51:26 - [32minfo[39m: [32mAplicação rodando na porta 3000[39m
2025-08-17 14:51:35 - [35mhttp[39m: [35mPOST /api/auth/login 404 - - 61.026 ms[39m
[35m[39m
2025-08-17 16:03:02 - [32minfo[39m: [32mConectou no banco de dados[39m
2025-08-17 16:03:02 - [32minfo[39m: [32mAplicação rodando na porta 3000[39m
2025-08-17 16:34:43 - [35mhttp[39m: [35mGET /api/wine 200 - - 93.153 ms[39m
[35m[39m
2025-08-17 16:38:21 - [32minfo[39m: [32mConectou no banco de dados[39m
2025-08-17 16:38:21 - [32minfo[39m: [32mAplicação rodando na porta 3000[39m
2025-08-17 16:38:33 - [32minfo[39m: [32mConectou no banco de dados[39m
2025-08-17 16:38:33 - [32minfo[39m: [32mAplicação rodando na porta 3000[39m
2025-08-17 16:38:37 - [32minfo[39m: [32mConectou no banco de dados[39m
2025-08-17 16:38:37 - [32minfo[39m: [32mAplicação rodando na porta 3000[39m
2025-08-17 16:39:37 - [31merror[39m: [31mErro ao fazer login: Cannot destructure property 'email' of 'req.body' as it is undefined.[39m
2025-08-17 16:39:37 - [35mhttp[39m: [35mPOST /api/auth/login 500 - - 5.143 ms[39m
[35m[39m
2025-08-17 16:40:07 - [35mhttp[39m: [35mPOST /api/auth/login 200 - - 144.631 ms[39m
[35m[39m
2025-08-17 16:41:11 - [35mhttp[39m: [35mPOST /api/order - - - - ms[39m
[35m[39m
2025-08-17 16:41:18 - [32minfo[39m: [32mConectou no banco de dados[39m
2025-08-17 16:41:18 - [32minfo[39m: [32mAplicação rodando na porta 3000[39m
2025-08-17 16:42:29 - [32minfo[39m: [32mConectou no banco de dados[39m
2025-08-17 16:42:29 - [32minfo[39m: [32mAplicação rodando na porta 3000[39m
2025-08-17 16:42:32 - [32minfo[39m: [32mConectou no banco de dados[39m
2025-08-17 16:42:32 - [32minfo[39m: [32mAplicação rodando na porta 3000[39m
2025-08-17 16:43:07 - [32minfo[39m: [32mConectou no banco de dados[39m
2025-08-17 16:43:07 - [32minfo[39m: [32mAplicação rodando na porta 3000[39m
2025-08-17 16:43:11 - [35mhttp[39m: [35mPOST /api/order 422 - - 7.747 ms[39m
[35m[39m
2025-08-17 16:47:33 - [32minfo[39m: [32mConectou no banco de dados[39m
2025-08-17 16:47:33 - [32minfo[39m: [32mAplicação rodando na porta 3000[39m
2025-08-17 16:47:36 - [35mhttp[39m: [35mPOST /api/order 200 - - 72.563 ms[39m
[35m[39m
2025-08-17 16:47:44 - [35mhttp[39m: [35mGET /api/wine 200 - - 63.901 ms[39m
[35m[39m
2025-08-17 16:49:40 - [32minfo[39m: [32mConectou no banco de dados[39m
2025-08-17 16:49:40 - [32minfo[39m: [32mAplicação rodando na porta 3000[39m
2025-08-17 16:50:35 - [32minfo[39m: [32mConectou no banco de dados[39m
2025-08-17 16:50:36 - [32minfo[39m: [32mAplicação rodando na porta 3000[39m
2025-08-17 16:50:43 - [32minfo[39m: [32mConectou no banco de dados[39m
2025-08-17 16:50:43 - [32minfo[39m: [32mAplicação rodando na porta 3000[39m
2025-08-17 16:51:53 - [32minfo[39m: [32mConectou no banco de dados[39m
2025-08-17 16:51:53 - [32minfo[39m: [32mAplicação rodando na porta 3000[39m
2025-08-17 16:51:56 - [32minfo[39m: [32mConectou no banco de dados[39m
2025-08-17 16:51:56 - [32minfo[39m: [32mAplicação rodando na porta 3000[39m
2025-08-17 17:01:04 - [32minfo[39m: [32mConectou no banco de dados[39m
2025-08-17 17:01:04 - [32minfo[39m: [32mAplicação rodando na porta 3000[39m
2025-08-17 17:03:28 - [32minfo[39m: [32mConectou no banco de dados[39m
2025-08-17 17:03:28 - [32minfo[39m: [32mAplicação rodando na porta 3000[39m
2025-08-17 17:03:38 - [32minfo[39m: [32mConectou no banco de dados[39m
2025-08-17 17:03:38 - [32minfo[39m: [32mAplicação rodando na porta 3000[39m
2025-08-17 17:03:43 - [32minfo[39m: [32mConectou no banco de dados[39m
2025-08-17 17:03:43 - [32minfo[39m: [32mAplicação rodando na porta 3000[39m
2025-08-17 17:06:53 - [35mhttp[39m: [35mPOST /api/wine 200 - - 68.946 ms[39m
[35m[39m
2025-08-17 17:08:04 - [35mhttp[39m: [35mPOST /api/order 422 - - 2.356 ms[39m
[35m[39m
2025-08-17 17:08:16 - [31merror[39m: [31mErro ao criar pedido: Order validation failed: user_id: Path `user_id` is required., items.0.wine_id: Path `wine_id` is required.[39m
2025-08-17 17:08:16 - [35mhttp[39m: [35mPOST /api/order 500 - - 14.352 ms[39m
[35m[39m
2025-08-17 17:09:28 - [32minfo[39m: [32mConectou no banco de dados[39m
2025-08-17 17:09:28 - [32minfo[39m: [32mAplicação rodando na porta 3000[39m
2025-08-17 17:09:31 - [32minfo[39m: [32mConectou no banco de dados[39m
2025-08-17 17:09:31 - [32minfo[39m: [32mAplicação rodando na porta 3000[39m
2025-08-17 17:09:34 - [32minfo[39m: [32mConectou no banco de dados[39m
2025-08-17 17:09:34 - [32minfo[39m: [32mAplicação rodando na porta 3000[39m
2025-08-17 17:09:39 - [32minfo[39m: [32mConectou no banco de dados[39m
2025-08-17 17:09:39 - [32minfo[39m: [32mAplicação rodando na porta 3000[39m
2025-08-17 17:09:43 - [35mhttp[39m: [35mPOST /api/order 200 - - 63.857 ms[39m
[35m[39m
2025-08-17 17:11:07 - [32minfo[39m: [32mConectou no banco de dados[39m
2025-08-17 17:11:07 - [32minfo[39m: [32mAplicação rodando na porta 3000[39m
2025-08-17 17:22:25 - [32minfo[39m: [32mConectou no banco de dados[39m
2025-08-17 17:22:25 - [32minfo[39m: [32mAplicação rodando na porta 3000[39m
2025-08-17 17:22:49 - [32minfo[39m: [32mConectou no banco de dados[39m
2025-08-17 17:22:49 - [32minfo[39m: [32mAplicação rodando na porta 3000[39m
2025-08-17 17:25:31 - [35mhttp[39m: [35mPOST /api/cart - - - - ms[39m
[35m[39m
2025-08-17 17:26:24 - [35mhttp[39m: [35mPOST /api/cart - - - - ms[39m
[35m[39m
2025-08-17 17:26:40 - [32minfo[39m: [32mConectou no banco de dados[39m
2025-08-17 17:26:40 - [32minfo[39m: [32mAplicação rodando na porta 3000[39m
2025-08-17 17:28:15 - [35mhttp[39m: [35mPOST /api/cart - - - - ms[39m
[35m[39m
2025-08-17 17:28:17 - [35mhttp[39m: [35mPOST /api/cart - - - - ms[39m
[35m[39m
2025-08-17 17:28:40 - [35mhttp[39m: [35mGET /api/wine 200 - - 115.504 ms[39m
[35m[39m
2025-08-17 17:28:52 - [35mhttp[39m: [35mPOST /api/auth/login 200 - - 197.013 ms[39m
[35m[39m
2025-08-17 17:29:25 - [32minfo[39m: [32mConectou no banco de dados[39m
2025-08-17 17:29:25 - [32minfo[39m: [32mAplicação rodando na porta 3000[39m
2025-08-17 17:29:29 - [32minfo[39m: [32mConectou no banco de dados[39m
2025-08-17 17:29:29 - [32minfo[39m: [32mAplicação rodando na porta 3000[39m
2025-08-17 17:29:29 - [35mhttp[39m: [35mPOST /api/cart 200 - - 55.095 ms[39m
[35m[39m
2025-08-17 17:29:36 - [32minfo[39m: [32mConectou no banco de dados[39m
2025-08-17 17:29:36 - [32minfo[39m: [32mAplicação rodando na porta 3000[39m
2025-08-17 17:29:37 - [35mhttp[39m: [35mPOST /api/cart 200 - - 60.634 ms[39m
[35m[39m
2025-08-17 17:29:42 - [32minfo[39m: [32mConectou no banco de dados[39m
2025-08-17 17:29:42 - [32minfo[39m: [32mAplicação rodando na porta 3000[39m
2025-08-17 17:30:29 - [32minfo[39m: [32mConectou no banco de dados[39m
2025-08-17 17:30:29 - [32minfo[39m: [32mAplicação rodando na porta 3000[39m
2025-08-17 17:30:48 - [32minfo[39m: [32mConectou no banco de dados[39m
2025-08-17 17:30:48 - [32minfo[39m: [32mAplicação rodando na porta 3000[39m
2025-08-17 17:30:50 - [35mhttp[39m: [35mPOST /api/cart - - - - ms[39m
[35m[39m
2025-08-17 17:30:54 - [32minfo[39m: [32mConectou no banco de dados[39m
2025-08-17 17:30:54 - [32minfo[39m: [32mAplicação rodando na porta 3000[39m
2025-08-17 17:30:58 - [32minfo[39m: [32mConectou no banco de dados[39m
2025-08-17 17:30:58 - [32minfo[39m: [32mAplicação rodando na porta 3000[39m
2025-08-17 17:31:02 - [32minfo[39m: [32mConectou no banco de dados[39m
2025-08-17 17:31:02 - [32minfo[39m: [32mAplicação rodando na porta 3000[39m
2025-08-17 17:31:07 - [32minfo[39m: [32mConectou no banco de dados[39m
2025-08-17 17:31:07 - [32minfo[39m: [32mAplicação rodando na porta 3000[39m
2025-08-17 17:31:12 - [32minfo[39m: [32mConectou no banco de dados[39m
2025-08-17 17:31:12 - [32minfo[39m: [32mAplicação rodando na porta 3000[39m
2025-08-17 17:31:14 - [32minfo[39m: [32mConectou no banco de dados[39m
2025-08-17 17:31:15 - [32minfo[39m: [32mAplicação rodando na porta 3000[39m
2025-08-17 17:31:17 - [35mhttp[39m: [35mPOST /api/cart - - - - ms[39m
[35m[39m
2025-08-17 17:31:21 - [32minfo[39m: [32mConectou no banco de dados[39m
2025-08-17 17:31:21 - [32minfo[39m: [32mAplicação rodando na porta 3000[39m
2025-08-17 17:31:55 - [32minfo[39m: [32mConectou no banco de dados[39m
2025-08-17 17:31:55 - [32minfo[39m: [32mAplicação rodando na porta 3000[39m
2025-08-17 17:32:45 - [32minfo[39m: [32mConectou no banco de dados[39m
2025-08-17 17:32:45 - [32minfo[39m: [32mAplicação rodando na porta 3000[39m
2025-08-17 17:32:50 - [32minfo[39m: [32mConectou no banco de dados[39m
2025-08-17 17:32:50 - [32minfo[39m: [32mAplicação rodando na porta 3000[39m
2025-08-17 17:33:07 - [32minfo[39m: [32mConectou no banco de dados[39m
2025-08-17 17:33:07 - [32minfo[39m: [32mAplicação rodando na porta 3000[39m
2025-08-17 17:33:10 - [32minfo[39m: [32mConectou no banco de dados[39m
2025-08-17 17:33:10 - [32minfo[39m: [32mAplicação rodando na porta 3000[39m
2025-08-17 17:33:13 - [32minfo[39m: [32mConectou no banco de dados[39m
2025-08-17 17:33:13 - [32minfo[39m: [32mAplicação rodando na porta 3000[39m
2025-08-17 20:52:05 - [32minfo[39m: [32mConectou no banco de dados[39m
2025-08-17 20:52:05 - [32minfo[39m: [32mAplicação rodando na porta 3000[39m
2025-08-17 20:52:40 - [32minfo[39m: [32mConectou no banco de dados[39m
2025-08-17 20:52:40 - [32minfo[39m: [32mAplicação rodando na porta 3000[39m
2025-08-17 20:52:49 - [32minfo[39m: [32mConectou no banco de dados[39m
2025-08-17 20:52:49 - [32minfo[39m: [32mAplicação rodando na porta 3000[39m
2025-08-17 20:52:49 - [35mhttp[39m: [35mPOST /api/cart 200 - - 835.727 ms[39m
[35m[39m
2025-08-17 20:52:57 - [32minfo[39m: [32mConectou no banco de dados[39m
2025-08-17 20:52:57 - [32minfo[39m: [32mAplicação rodando na porta 3000[39m
2025-08-17 20:53:36 - [32minfo[39m: [32mConectou no banco de dados[39m
2025-08-17 20:53:36 - [32minfo[39m: [32mAplicação rodando na porta 3000[39m
2025-08-17 20:53:37 - [35mhttp[39m: [35mPOST /api/cart 200 - - 197.509 ms[39m
[35m[39m
2025-08-17 21:00:03 - [32minfo[39m: [32mConectou no banco de dados[39m
2025-08-17 21:00:03 - [32minfo[39m: [32mAplicação rodando na porta 3000[39m
2025-08-17 21:02:14 - [32minfo[39m: [32mConectou no banco de dados[39m
2025-08-17 21:02:14 - [32minfo[39m: [32mAplicação rodando na porta 3000[39m
2025-08-17 21:02:21 - [32minfo[39m: [32mConectou no banco de dados[39m
2025-08-17 21:02:21 - [32minfo[39m: [32mAplicação rodando na porta 3000[39m
2025-08-17 21:02:34 - [32minfo[39m: [32mConectou no banco de dados[39m
2025-08-17 21:02:34 - [32minfo[39m: [32mAplicação rodando na porta 3000[39m
2025-08-17 21:03:17 - [32minfo[39m: [32mConectou no banco de dados[39m
2025-08-17 21:03:17 - [32minfo[39m: [32mAplicação rodando na porta 3000[39m
2025-08-17 21:03:36 - [32minfo[39m: [32mConectou no banco de dados[39m
2025-08-17 21:03:36 - [32minfo[39m: [32mAplicação rodando na porta 3000[39m
2025-08-17 21:03:40 - [32minfo[39m: [32mConectou no banco de dados[39m
2025-08-17 21:03:40 - [32minfo[39m: [32mAplicação rodando na porta 3000[39m
2025-08-17 21:03:44 - [32minfo[39m: [32mConectou no banco de dados[39m
2025-08-17 21:03:44 - [32minfo[39m: [32mAplicação rodando na porta 3000[39m
2025-08-17 21:03:57 - [32minfo[39m: [32mConectou no banco de dados[39m
2025-08-17 21:03:57 - [32minfo[39m: [32mAplicação rodando na porta 3000[39m
2025-08-17 21:04:00 - [32minfo[39m: [32mConectou no banco de dados[39m
2025-08-17 21:04:00 - [32minfo[39m: [32mAplicação rodando na porta 3000[39m
2025-08-17 21:04:06 - [32minfo[39m: [32mConectou no banco de dados[39m
2025-08-17 21:04:06 - [32minfo[39m: [32mAplicação rodando na porta 3000[39m
2025-08-17 21:04:10 - [32minfo[39m: [32mConectou no banco de dados[39m
2025-08-17 21:04:10 - [32minfo[39m: [32mAplicação rodando na porta 3000[39m
2025-08-17 21:04:16 - [32minfo[39m: [32mConectou no banco de dados[39m
2025-08-17 21:04:16 - [32minfo[39m: [32mAplicação rodando na porta 3000[39m
2025-08-17 21:04:24 - [32minfo[39m: [32mConectou no banco de dados[39m
2025-08-17 21:04:24 - [32minfo[39m: [32mAplicação rodando na porta 3000[39m
2025-08-17 21:04:29 - [32minfo[39m: [32mConectou no banco de dados[39m
2025-08-17 21:04:29 - [32minfo[39m: [32mAplicação rodando na porta 3000[39m
2025-08-17 21:04:38 - [32minfo[39m: [32mConectou no banco de dados[39m
2025-08-17 21:04:38 - [32minfo[39m: [32mAplicação rodando na porta 3000[39m
2025-08-17 21:04:43 - [32minfo[39m: [32mConectou no banco de dados[39m
2025-08-17 21:04:43 - [32minfo[39m: [32mAplicação rodando na porta 3000[39m
2025-08-17 21:04:54 - [32minfo[39m: [32mConectou no banco de dados[39m
2025-08-17 21:04:54 - [32minfo[39m: [32mAplicação rodando na porta 3000[39m
2025-08-17 21:05:10 - [32minfo[39m: [32mConectou no banco de dados[39m
2025-08-17 21:05:10 - [32minfo[39m: [32mAplicação rodando na porta 3000[39m
2025-08-17 21:05:33 - [32minfo[39m: [32mConectou no banco de dados[39m
2025-08-17 21:05:33 - [32minfo[39m: [32mAplicação rodando na porta 3000[39m
2025-08-17 21:05:52 - [32minfo[39m: [32mConectou no banco de dados[39m
2025-08-17 21:05:52 - [32minfo[39m: [32mAplicação rodando na porta 3000[39m
2025-08-17 21:07:59 - [32minfo[39m: [32mConectou no banco de dados[39m
2025-08-17 21:07:59 - [32minfo[39m: [32mAplicação rodando na porta 3000[39m
2025-08-17 21:08:36 - [32minfo[39m: [32mConectou no banco de dados[39m
2025-08-17 21:08:36 - [32minfo[39m: [32mAplicação rodando na porta 3000[39m
2025-08-17 21:09:05 - [32minfo[39m: [32mConectou no banco de dados[39m
2025-08-17 21:09:05 - [32minfo[39m: [32mAplicação rodando na porta 3000[39m
2025-08-17 21:10:28 - [32minfo[39m: [32mConectou no banco de dados[39m
2025-08-17 21:10:28 - [32minfo[39m: [32mAplicação rodando na porta 3000[39m
2025-08-17 21:14:45 - [32minfo[39m: [32mConectou no banco de dados[39m
2025-08-17 21:14:45 - [32minfo[39m: [32mAplicação rodando na porta 3000[39m
2025-08-17 21:15:16 - [32minfo[39m: [32mConectou no banco de dados[39m
2025-08-17 21:15:16 - [32minfo[39m: [32mAplicação rodando na porta 3000[39m
2025-08-17 21:15:45 - [32minfo[39m: [32mConectou no banco de dados[39m
2025-08-17 21:15:45 - [32minfo[39m: [32mAplicação rodando na porta 3000[39m
2025-08-17 21:15:56 - [32minfo[39m: [32mConectou no banco de dados[39m
2025-08-17 21:15:56 - [32minfo[39m: [32mAplicação rodando na porta 3000[39m
2025-08-17 21:22:25 - [32minfo[39m: [32mConectou no banco de dados[39m
2025-08-17 21:22:25 - [32minfo[39m: [32mAplicação rodando na porta 3000[39m
2025-08-17 21:27:17 - [32minfo[39m: [32mConectou no banco de dados[39m
2025-08-17 21:27:17 - [32minfo[39m: [32mAplicação rodando na porta 3000[39m
2025-08-17 21:27:22 - [32minfo[39m: [32mConectou no banco de dados[39m
2025-08-17 21:27:22 - [32minfo[39m: [32mAplicação rodando na porta 3000[39m
2025-08-17 21:27:34 - [32minfo[39m: [32mConectou no banco de dados[39m
2025-08-17 21:27:34 - [32minfo[39m: [32mAplicação rodando na porta 3000[39m
2025-08-17 21:27:40 - [32minfo[39m: [32mConectou no banco de dados[39m
2025-08-17 21:27:40 - [32minfo[39m: [32mAplicação rodando na porta 3000[39m
2025-08-17 21:27:44 - [32minfo[39m: [32mConectou no banco de dados[39m
2025-08-17 21:27:44 - [32minfo[39m: [32mAplicação rodando na porta 3000[39m
2025-08-17 21:27:58 - [32minfo[39m: [32mConectou no banco de dados[39m
2025-08-17 21:27:58 - [32minfo[39m: [32mAplicação rodando na porta 3000[39m
2025-08-17 21:28:05 - [32minfo[39m: [32mConectou no banco de dados[39m
2025-08-17 21:28:05 - [32minfo[39m: [32mAplicação rodando na porta 3000[39m
2025-08-17 21:28:11 - [32minfo[39m: [32mConectou no banco de dados[39m
2025-08-17 21:28:11 - [32minfo[39m: [32mAplicação rodando na porta 3000[39m
2025-08-17 21:28:19 - [32minfo[39m: [32mConectou no banco de dados[39m
2025-08-17 21:28:19 - [32minfo[39m: [32mAplicação rodando na porta 3000[39m
2025-08-17 21:28:23 - [32minfo[39m: [32mConectou no banco de dados[39m
2025-08-17 21:28:23 - [32minfo[39m: [32mAplicação rodando na porta 3000[39m
2025-08-17 21:28:33 - [32minfo[39m: [32mConectou no banco de dados[39m
2025-08-17 21:28:33 - [32minfo[39m: [32mAplicação rodando na porta 3000[39m
2025-08-17 21:28:52 - [32minfo[39m: [32mConectou no banco de dados[39m
2025-08-17 21:28:52 - [32minfo[39m: [32mAplicação rodando na porta 3000[39m
2025-08-17 21:28:58 - [32minfo[39m: [32mConectou no banco de dados[39m
2025-08-17 21:28:58 - [32minfo[39m: [32mAplicação rodando na porta 3000[39m
2025-08-17 21:29:12 - [32minfo[39m: [32mConectou no banco de dados[39m
2025-08-17 21:29:12 - [32minfo[39m: [32mAplicação rodando na porta 3000[39m
2025-08-17 21:29:23 - [32minfo[39m: [32mConectou no banco de dados[39m
2025-08-17 21:29:23 - [32minfo[39m: [32mAplicação rodando na porta 3000[39m
2025-08-17 21:31:45 - [32minfo[39m: [32mConectou no banco de dados[39m
2025-08-17 21:31:45 - [32minfo[39m: [32mAplicação rodando na porta 3000[39m
2025-08-17 21:31:55 - [35mhttp[39m: [35mPOST /api/auth/login 200 - - 356.308 ms[39m
[35m[39m
2025-08-17 21:32:43 - [32minfo[39m: [32mConectou no banco de dados[39m
2025-08-17 21:32:43 - [32minfo[39m: [32mAplicação rodando na porta 3000[39m
2025-08-17 21:32:49 - [32minfo[39m: [32mConectou no banco de dados[39m
2025-08-17 21:32:49 - [32minfo[39m: [32mAplicação rodando na porta 3000[39m
2025-08-17 21:32:54 - [32minfo[39m: [32mConectou no banco de dados[39m
2025-08-17 21:32:54 - [32minfo[39m: [32mAplicação rodando na porta 3000[39m
2025-08-17 21:32:59 - [32minfo[39m: [32mConectou no banco de dados[39m
2025-08-17 21:32:59 - [32minfo[39m: [32mAplicação rodando na porta 3000[39m
2025-08-17 21:32:59 - [31merror[39m: [31mErro ao mostrar carrinho: Cannot read properties of undefined (reading 'id')[39m
2025-08-17 21:32:59 - [35mhttp[39m: [35mGET /api/cart 500 - - 4.212 ms[39m
[35m[39m
2025-08-17 21:35:16 - [32minfo[39m: [32mConectou no banco de dados[39m
2025-08-17 21:35:16 - [32minfo[39m: [32mAplicação rodando na porta 3000[39m
2025-08-17 21:35:17 - [35mhttp[39m: [35mGET /api/cart 200 - - 155.253 ms[39m
[35m[39m
2025-08-17 21:35:59 - [32minfo[39m: [32mConectou no banco de dados[39m
2025-08-17 21:35:59 - [32minfo[39m: [32mAplicação rodando na porta 3000[39m
2025-08-17 21:43:16 - [32minfo[39m: [32mConectou no banco de dados[39m
2025-08-17 21:43:16 - [32minfo[39m: [32mAplicação rodando na porta 3000[39m
2025-08-17 21:43:25 - [32minfo[39m: [32mConectou no banco de dados[39m
2025-08-17 21:43:25 - [32minfo[39m: [32mAplicação rodando na porta 3000[39m
2025-08-17 21:43:36 - [32minfo[39m: [32mConectou no banco de dados[39m
2025-08-17 21:43:36 - [32minfo[39m: [32mAplicação rodando na porta 3000[39m
2025-08-17 21:43:44 - [32minfo[39m: [32mConectou no banco de dados[39m
2025-08-17 21:43:44 - [32minfo[39m: [32mAplicação rodando na porta 3000[39m
2025-08-17 21:44:34 - [32minfo[39m: [32mConectou no banco de dados[39m
2025-08-17 21:44:34 - [32minfo[39m: [32mAplicação rodando na porta 3000[39m
2025-08-17 21:44:55 - [32minfo[39m: [32mConectou no banco de dados[39m
2025-08-17 21:44:55 - [32minfo[39m: [32mAplicação rodando na porta 3000[39m
2025-08-17 21:45:20 - [32minfo[39m: [32mConectou no banco de dados[39m
2025-08-17 21:45:20 - [32minfo[39m: [32mAplicação rodando na porta 3000[39m
2025-08-17 21:45:57 - [32minfo[39m: [32mConectou no banco de dados[39m
2025-08-17 21:45:57 - [32minfo[39m: [32mAplicação rodando na porta 3000[39m
2025-08-17 21:46:52 - [32minfo[39m: [32mConectou no banco de dados[39m
2025-08-17 21:46:52 - [32minfo[39m: [32mAplicação rodando na porta 3000[39m
2025-08-17 21:46:55 - [32minfo[39m: [32mConectou no banco de dados[39m
2025-08-17 21:46:55 - [32minfo[39m: [32mAplicação rodando na porta 3000[39m
2025-08-17 21:47:09 - [32minfo[39m: [32mConectou no banco de dados[39m
2025-08-17 21:47:09 - [32minfo[39m: [32mAplicação rodando na porta 3000[39m
2025-08-17 21:47:18 - [32minfo[39m: [32mConectou no banco de dados[39m
2025-08-17 21:47:18 - [32minfo[39m: [32mAplicação rodando na porta 3000[39m
2025-08-17 21:47:43 - [32minfo[39m: [32mConectou no banco de dados[39m
2025-08-17 21:47:43 - [32minfo[39m: [32mAplicação rodando na porta 3000[39m
2025-08-17 21:48:00 - [32minfo[39m: [32mConectou no banco de dados[39m
2025-08-17 21:48:00 - [32minfo[39m: [32mAplicação rodando na porta 3000[39m
2025-08-17 21:48:27 - [32minfo[39m: [32mConectou no banco de dados[39m
2025-08-17 21:48:27 - [32minfo[39m: [32mAplicação rodando na porta 3000[39m
2025-08-17 21:48:30 - [32minfo[39m: [32mConectou no banco de dados[39m
2025-08-17 21:48:30 - [32minfo[39m: [32mAplicação rodando na porta 3000[39m
2025-08-17 21:48:39 - [32minfo[39m: [32mConectou no banco de dados[39m
2025-08-17 21:48:39 - [32minfo[39m: [32mAplicação rodando na porta 3000[39m
2025-08-17 21:49:35 - [32minfo[39m: [32mConectou no banco de dados[39m
2025-08-17 21:49:35 - [32minfo[39m: [32mAplicação rodando na porta 3000[39m
2025-08-17 21:49:50 - [32minfo[39m: [32mConectou no banco de dados[39m
2025-08-17 21:49:50 - [32minfo[39m: [32mAplicação rodando na porta 3000[39m
2025-08-17 21:50:13 - [32minfo[39m: [32mConectou no banco de dados[39m
2025-08-17 21:50:13 - [32minfo[39m: [32mAplicação rodando na porta 3000[39m
2025-08-17 21:54:23 - [32minfo[39m: [32mConectou no banco de dados[39m
2025-08-17 21:54:23 - [32minfo[39m: [32mAplicação rodando na porta 3000[39m
2025-08-17 21:54:27 - [32minfo[39m: [32mConectou no banco de dados[39m
2025-08-17 21:54:27 - [32minfo[39m: [32mAplicação rodando na porta 3000[39m
2025-08-17 21:54:31 - [32minfo[39m: [32mConectou no banco de dados[39m
2025-08-17 21:54:31 - [32minfo[39m: [32mAplicação rodando na porta 3000[39m
2025-08-17 21:54:35 - [32minfo[39m: [32mConectou no banco de dados[39m
2025-08-17 21:54:35 - [32minfo[39m: [32mAplicação rodando na porta 3000[39m
2025-08-17 21:54:42 - [32minfo[39m: [32mConectou no banco de dados[39m
2025-08-17 21:54:42 - [32minfo[39m: [32mAplicação rodando na porta 3000[39m
2025-08-17 21:54:52 - [32minfo[39m: [32mConectou no banco de dados[39m
2025-08-17 21:54:52 - [32minfo[39m: [32mAplicação rodando na porta 3000[39m
2025-08-17 21:55:44 - [32minfo[39m: [32mConectou no banco de dados[39m
2025-08-17 21:55:44 - [32minfo[39m: [32mAplicação rodando na porta 3000[39m
2025-08-17 21:55:48 - [32minfo[39m: [32mConectou no banco de dados[39m
2025-08-17 21:55:48 - [32minfo[39m: [32mAplicação rodando na porta 3000[39m
2025-08-17 21:55:54 - [32minfo[39m: [32mConectou no banco de dados[39m
2025-08-17 21:55:54 - [32minfo[39m: [32mAplicação rodando na porta 3000[39m
2025-08-17 21:56:06 - [32minfo[39m: [32mConectou no banco de dados[39m
2025-08-17 21:56:06 - [32minfo[39m: [32mAplicação rodando na porta 3000[39m
2025-08-17 21:56:17 - [32minfo[39m: [32mConectou no banco de dados[39m
2025-08-17 21:56:17 - [32minfo[39m: [32mAplicação rodando na porta 3000[39m
2025-08-17 21:56:22 - [32minfo[39m: [32mConectou no banco de dados[39m
2025-08-17 21:56:22 - [32minfo[39m: [32mAplicação rodando na porta 3000[39m
2025-08-17 21:56:24 - [32minfo[39m: [32mConectou no banco de dados[39m
2025-08-17 21:56:24 - [32minfo[39m: [32mAplicação rodando na porta 3000[39m
2025-08-17 21:57:17 - [32minfo[39m: [32mConectou no banco de dados[39m
2025-08-17 21:57:17 - [32minfo[39m: [32mAplicação rodando na porta 3000[39m
2025-08-17 21:57:30 - [35mhttp[39m: [35mDELETE /api/cart/68a23ba93264734961586693 404 - - 10.387 ms[39m
[35m[39m
2025-08-17 21:57:43 - [35mhttp[39m: [35mGET /api/cart/ 200 - - 375.370 ms[39m
[35m[39m
2025-08-17 21:57:59 - [35mhttp[39m: [35mDELETE /api/cart/68a1dd10ce183ae3cf9e77b2 404 - - 1.813 ms[39m
[35m[39m
2025-08-17 21:58:24 - [32minfo[39m: [32mConectou no banco de dados[39m
2025-08-17 21:58:24 - [32minfo[39m: [32mAplicação rodando na porta 3000[39m
2025-08-17 21:58:24 - [35mhttp[39m: [35mDELETE /api/cart/68a1dd10ce183ae3cf9e77b2 404 - - 237.975 ms[39m
[35m[39m
2025-08-17 21:58:37 - [35mhttp[39m: [35mPOST /api/auth/login 200 - - 279.348 ms[39m
[35m[39m
2025-08-17 21:58:58 - [35mhttp[39m: [35mDELETE /api/cart/68a1dd10ce183ae3cf9e77b2 404 - - 153.749 ms[39m
[35m[39m
2025-08-17 21:59:58 - [32minfo[39m: [32mConectou no banco de dados[39m
2025-08-17 21:59:58 - [32minfo[39m: [32mAplicação rodando na porta 3000[39m
2025-08-17 21:59:59 - [35mhttp[39m: [35mDELETE /api/cart/68a1dd10ce183ae3cf9e77b2 200 - - 862.705 ms[39m
[35m[39m
2025-08-17 22:00:11 - [35mhttp[39m: [35mGET /api/cart/ 200 - - 163.385 ms[39m
[35m[39m
2025-08-17 22:09:38 - [35mhttp[39m: [35mPOST /api/auth/login 200 - - 308.466 ms[39m
[35m[39m
2025-08-17 22:17:32 - [32minfo[39m: [32mConectou no banco de dados[39m
2025-08-17 22:17:32 - [32minfo[39m: [32mAplicação rodando na porta 3000[39m
2025-08-17 22:20:31 - [32minfo[39m: [32mConectou no banco de dados[39m
2025-08-17 22:20:31 - [32minfo[39m: [32mAplicação rodando na porta 3000[39m
2025-08-18 08:37:38 - [32minfo[39m: [32mConectou no banco de dados[39m
2025-08-18 08:37:38 - [32minfo[39m: [32mAplicação rodando na porta 3000[39m
2025-08-18 08:37:50 - [32minfo[39m: [32mConectou no banco de dados[39m
2025-08-18 08:37:50 - [32minfo[39m: [32mAplicação rodando na porta 3000[39m
2025-08-18 08:37:52 - [32minfo[39m: [32mConectou no banco de dados[39m
2025-08-18 08:37:52 - [32minfo[39m: [32mAplicação rodando na porta 3000[39m
2025-08-18 08:40:04 - [32minfo[39m: [32mConectou no banco de dados[39m
2025-08-18 08:40:04 - [32minfo[39m: [32mAplicação rodando na porta 3000[39m
2025-08-18 08:40:10 - [32minfo[39m: [32mConectou no banco de dados[39m
2025-08-18 08:40:10 - [32minfo[39m: [32mAplicação rodando na porta 3000[39m
2025-08-18 08:40:21 - [32minfo[39m: [32mConectou no banco de dados[39m
2025-08-18 08:40:21 - [32minfo[39m: [32mAplicação rodando na porta 3000[39m
2025-08-18 08:40:25 - [32minfo[39m: [32mConectou no banco de dados[39m
2025-08-18 08:40:25 - [32minfo[39m: [32mAplicação rodando na porta 3000[39m
2025-08-18 08:40:30 - [32minfo[39m: [32mConectou no banco de dados[39m
2025-08-18 08:40:30 - [32minfo[39m: [32mAplicação rodando na porta 3000[39m
2025-08-18 08:40:39 - [32minfo[39m: [32mConectou no banco de dados[39m
2025-08-18 08:40:39 - [32minfo[39m: [32mAplicação rodando na porta 3000[39m
2025-08-18 08:40:48 - [32minfo[39m: [32mConectou no banco de dados[39m
2025-08-18 08:40:48 - [32minfo[39m: [32mAplicação rodando na porta 3000[39m
2025-08-18 08:40:55 - [32minfo[39m: [32mConectou no banco de dados[39m
2025-08-18 08:40:55 - [32minfo[39m: [32mAplicação rodando na porta 3000[39m
2025-08-18 08:41:12 - [32minfo[39m: [32mConectou no banco de dados[39m
2025-08-18 08:41:12 - [32minfo[39m: [32mAplicação rodando na porta 3000[39m
2025-08-18 08:41:17 - [32minfo[39m: [32mConectou no banco de dados[39m
2025-08-18 08:41:17 - [32minfo[39m: [32mAplicação rodando na porta 3000[39m
2025-08-18 08:41:45 - [32minfo[39m: [32mConectou no banco de dados[39m
2025-08-18 08:41:45 - [32minfo[39m: [32mAplicação rodando na porta 3000[39m
2025-08-18 08:41:56 - [32minfo[39m: [32mConectou no banco de dados[39m
2025-08-18 08:41:56 - [32minfo[39m: [32mAplicação rodando na porta 3000[39m
2025-08-18 08:42:06 - [32minfo[39m: [32mConectou no banco de dados[39m
2025-08-18 08:42:06 - [32minfo[39m: [32mAplicação rodando na porta 3000[39m
2025-08-18 08:42:15 - [32minfo[39m: [32mConectou no banco de dados[39m
2025-08-18 08:42:15 - [32minfo[39m: [32mAplicação rodando na porta 3000[39m
2025-08-18 08:42:32 - [32minfo[39m: [32mConectou no banco de dados[39m
2025-08-18 08:42:32 - [32minfo[39m: [32mAplicação rodando na porta 3000[39m
2025-08-18 08:51:05 - [32minfo[39m: [32mConectou no banco de dados[39m
2025-08-18 08:51:05 - [32minfo[39m: [32mAplicação rodando na porta 3000[39m
2025-08-18 08:51:07 - [32minfo[39m: [32mConectou no banco de dados[39m
2025-08-18 08:51:07 - [32minfo[39m: [32mAplicação rodando na porta 3000[39m
2025-08-18 11:54:37 - [31merror[39m: [31mNão foi possível conectar[39m
2025-08-18 11:54:37 - [31merror[39m: [31mErro: MongoServerError: bad auth : Authentication failed.[39m
2025-08-18 11:54:37 - [32minfo[39m: [32mAplicação rodando na porta 3000[39m
2025-08-18 11:54:52 - [32minfo[39m: [32mConectou no banco de dados[39m
2025-08-18 11:54:52 - [32minfo[39m: [32mAplicação rodando na porta 3000[39m
2025-08-19 10:08:26 - [32minfo[39m: [32mConectou no banco de dados[39m
2025-08-19 10:08:26 - [32minfo[39m: [32mAplicação rodando na porta 3000[39m
2025-08-19 10:08:53 - [35mhttp[39m: [35mGET /_next/static/css/app/layout.css?v=1755608524939 404 - - 2.931 ms[39m
[35m[39m
2025-08-19 10:08:53 - [35mhttp[39m: [35mGET /.well-known/appspecific/com.chrome.devtools.json 404 - - 0.422 ms[39m
[35m[39m
2025-08-19 10:08:53 - [35mhttp[39m: [35mGET /__nextjs_source-map?filename=webpack-internal%3A%2F%2F%2F%28rsc%29%2F.%2Fsrc%2Fapp%2Flayout.tsx 404 - - 0.300 ms[39m
[35m[39m
2025-08-19 10:08:53 - [35mhttp[39m: [35mGET /__nextjs_source-map?filename=webpack-internal%3A%2F%2F%2F%28rsc%29%2F.%2Fsrc%2Fapp%2Fpage.tsx 404 - - 0.352 ms[39m
[35m[39m
2025-08-19 10:08:53 - [35mhttp[39m: [35mGET /__nextjs_source-map?filename=webpack-internal%3A%2F%2F%2F%28rsc%29%2F.%2Fsrc%2Fapp%2Flayout.tsx 404 - - 0.477 ms[39m
[35m[39m
2025-08-19 10:08:53 - [35mhttp[39m: [35mGET /__nextjs_source-map?filename=webpack-internal%3A%2F%2F%2F%28rsc%29%2F.%2Fsrc%2Fapp%2Fpage.tsx 404 - - 0.272 ms[39m
[35m[39m
2025-08-19 10:08:53 - [35mhttp[39m: [35mGET /__nextjs_source-map?filename=webpack-internal%3A%2F%2F%2F%28rsc%29%2F.%2Fsrc%2Fapp%2Fpage.tsx 404 - - 0.225 ms[39m
[35m[39m
2025-08-19 10:08:53 - [35mhttp[39m: [35mGET /__nextjs_source-map?filename=webpack-internal%3A%2F%2F%2F%28rsc%29%2F.%2Fsrc%2Fapp%2Fpage.tsx 404 - - 0.357 ms[39m
[35m[39m
2025-08-19 10:08:53 - [35mhttp[39m: [35mGET /__nextjs_source-map?filename=webpack-internal%3A%2F%2F%2F%28rsc%29%2F.%2Fsrc%2Fapp%2Fpage.tsx 404 - - 0.987 ms[39m
[35m[39m
2025-08-19 10:08:53 - [35mhttp[39m: [35mGET /__nextjs_source-map?filename=webpack-internal%3A%2F%2F%2F%28rsc%29%2F.%2Fsrc%2Fapp%2Fpage.tsx 404 - - 0.406 ms[39m
[35m[39m
2025-08-19 10:08:53 - [35mhttp[39m: [35mGET /__nextjs_source-map?filename=webpack-internal%3A%2F%2F%2F%28rsc%29%2F.%2Fsrc%2Fapp%2Fpage.tsx 404 - - 0.234 ms[39m
[35m[39m
2025-08-19 10:08:53 - [35mhttp[39m: [35mGET /__nextjs_source-map?filename=webpack-internal%3A%2F%2F%2F%28rsc%29%2F.%2Fsrc%2Fapp%2Fpage.tsx 404 - - 0.235 ms[39m
[35m[39m
2025-08-19 10:08:53 - [35mhttp[39m: [35mGET /__nextjs_source-map?filename=webpack-internal%3A%2F%2F%2F%28rsc%29%2F.%2Fsrc%2Fapp%2Fpage.tsx 404 - - 0.524 ms[39m
[35m[39m
2025-08-19 10:08:53 - [35mhttp[39m: [35mGET /__nextjs_source-map?filename=webpack-internal%3A%2F%2F%2F%28rsc%29%2F.%2Fsrc%2Fapp%2Fpage.tsx 404 - - 0.358 ms[39m
[35m[39m
2025-08-19 10:08:53 - [35mhttp[39m: [35mGET /__nextjs_source-map?filename=webpack-internal%3A%2F%2F%2F%28rsc%29%2F.%2Fsrc%2Fapp%2Fpage.tsx 404 - - 0.241 ms[39m
[35m[39m
2025-08-19 10:08:53 - [35mhttp[39m: [35mGET /__nextjs_source-map?filename=webpack-internal%3A%2F%2F%2F%28rsc%29%2F.%2Fsrc%2Fapp%2Fpage.tsx 404 - - 0.487 ms[39m
[35m[39m
2025-08-19 10:08:53 - [35mhttp[39m: [35mGET /__nextjs_source-map?filename=webpack-internal%3A%2F%2F%2F%28rsc%29%2F.%2Fsrc%2Fapp%2Fpage.tsx 404 - - 0.229 ms[39m
[35m[39m
2025-08-19 10:08:53 - [35mhttp[39m: [35mGET /__nextjs_source-map?filename=webpack-internal%3A%2F%2F%2F%28rsc%29%2F.%2Fsrc%2Fapp%2Fpage.tsx 404 - - 0.293 ms[39m
[35m[39m
2025-08-19 10:08:53 - [35mhttp[39m: [35mGET /__nextjs_source-map?filename=webpack-internal%3A%2F%2F%2F%28rsc%29%2F.%2Fsrc%2Fapp%2Fpage.tsx 404 - - 0.240 ms[39m
[35m[39m
2025-08-19 10:08:53 - [35mhttp[39m: [35mGET /__nextjs_source-map?filename=webpack-internal%3A%2F%2F%2F%28rsc%29%2F.%2Fsrc%2Fapp%2Fpage.tsx 404 - - 0.237 ms[39m
[35m[39m
2025-08-19 10:08:53 - [35mhttp[39m: [35mGET /__nextjs_source-map?filename=webpack-internal%3A%2F%2F%2F%28rsc%29%2F.%2Fsrc%2Fapp%2Fpage.tsx 404 - - 0.348 ms[39m
[35m[39m
2025-08-19 10:08:53 - [35mhttp[39m: [35mGET /__nextjs_source-map?filename=webpack-internal%3A%2F%2F%2F%28rsc%29%2F.%2Fsrc%2Fapp%2Fpage.tsx 404 - - 0.244 ms[39m
[35m[39m
2025-08-19 10:08:53 - [35mhttp[39m: [35mGET /__nextjs_source-map?filename=webpack-internal%3A%2F%2F%2F%28rsc%29%2F.%2Fsrc%2Fapp%2Fpage.tsx 404 - - 0.254 ms[39m
[35m[39m
2025-08-19 10:08:53 - [35mhttp[39m: [35mGET /__nextjs_source-map?filename=webpack-internal%3A%2F%2F%2F%28rsc%29%2F.%2Fsrc%2Fapp%2Fpage.tsx 404 - - 0.331 ms[39m
[35m[39m
2025-08-19 10:08:53 - [35mhttp[39m: [35mGET /__nextjs_source-map?filename=webpack-internal%3A%2F%2F%2F%28rsc%29%2F.%2Fsrc%2Fapp%2Fpage.tsx 404 - - 0.304 ms[39m
[35m[39m
2025-08-19 10:08:53 - [35mhttp[39m: [35mGET /__nextjs_source-map?filename=webpack-internal%3A%2F%2F%2F%28rsc%29%2F.%2Fsrc%2Fapp%2Fpage.tsx 404 - - 0.293 ms[39m
[35m[39m
2025-08-19 10:08:53 - [35mhttp[39m: [35mGET /__nextjs_source-map?filename=webpack-internal%3A%2F%2F%2F%28rsc%29%2F.%2Fsrc%2Fapp%2Fpage.tsx 404 - - 0.231 ms[39m
[35m[39m
2025-08-19 10:08:53 - [35mhttp[39m: [35mGET /__nextjs_source-map?filename=webpack-internal%3A%2F%2F%2F%28rsc%29%2F.%2Fsrc%2Fapp%2Fpage.tsx 404 - - 0.232 ms[39m
[35m[39m
2025-08-19 10:08:53 - [35mhttp[39m: [35mGET /__nextjs_source-map?filename=webpack-internal%3A%2F%2F%2F%28rsc%29%2F.%2Fsrc%2Fapp%2Fpage.tsx 404 - - 0.207 ms[39m
[35m[39m
2025-08-19 10:08:53 - [35mhttp[39m: [35mGET /__nextjs_source-map?filename=webpack-internal%3A%2F%2F%2F%28rsc%29%2F.%2Fsrc%2Fapp%2Fpage.tsx 404 - - 0.230 ms[39m
[35m[39m
2025-08-19 10:08:56 - [35mhttp[39m: [35mGET / 404 - - 0.228 ms[39m
[35m[39m
2025-08-19 10:08:56 - [35mhttp[39m: [35mGET /.well-known/appspecific/com.chrome.devtools.json 404 - - 0.234 ms[39m
[35m[39m
2025-08-19 10:09:15 - [32minfo[39m: [32mConectou no banco de dados[39m
2025-08-19 10:09:15 - [32minfo[39m: [32mAplicação rodando na porta 3000[39m
2025-08-19 10:11:36 - [35mhttp[39m: [35mGET /apiwine 404 - - 2.285 ms[39m
[35m[39m
2025-08-19 10:11:42 - [35mhttp[39m: [35mGET /api/wine 200 - - 54.156 ms[39m
[35m[39m
2025-08-19 10:11:45 - [35mhttp[39m: [35mGET /apiwine 404 - - 0.534 ms[39m
[35m[39m
2025-08-19 10:11:47 - [35mhttp[39m: [35mGET /api/wine 200 - - 29.866 ms[39m
[35m[39m
2025-08-19 10:11:52 - [35mhttp[39m: [35mGET /api/wine 200 - - 31.474 ms[39m
[35m[39m
2025-08-19 10:12:28 - [32minfo[39m: [32mConectou no banco de dados[39m
2025-08-19 10:12:28 - [32minfo[39m: [32mAplicação rodando na porta 3000[39m
2025-08-19 10:12:31 - [32minfo[39m: [32mConectou no banco de dados[39m
2025-08-19 10:12:31 - [32minfo[39m: [32mAplicação rodando na porta 3000[39m
2025-08-19 10:12:49 - [32minfo[39m: [32mConectou no banco de dados[39m
2025-08-19 10:12:49 - [32minfo[39m: [32mAplicação rodando na porta 3000[39m
2025-08-19 10:12:51 - [32minfo[39m: [32mConectou no banco de dados[39m
2025-08-19 10:12:51 - [32minfo[39m: [32mAplicação rodando na porta 3000[39m
2025-08-19 10:13:29 - [32minfo[39m: [32mConectou no banco de dados[39m
2025-08-19 10:13:29 - [32minfo[39m: [32mAplicação rodando na porta 3000[39m
2025-08-19 10:13:37 - [32minfo[39m: [32mConectou no banco de dados[39m
2025-08-19 10:13:37 - [32minfo[39m: [32mAplicação rodando na porta 3000[39m
2025-08-19 10:13:53 - [32minfo[39m: [32mConectou no banco de dados[39m
2025-08-19 10:13:53 - [32minfo[39m: [32mAplicação rodando na porta 3000[39m
2025-08-19 10:14:14 - [32minfo[39m: [32mConectou no banco de dados[39m
2025-08-19 10:14:14 - [32minfo[39m: [32mAplicação rodando na porta 3000[39m
2025-08-19 10:14:45 - [32minfo[39m: [32mConectou no banco de dados[39m
2025-08-19 10:14:45 - [32minfo[39m: [32mAplicação rodando na porta 3000[39m
2025-08-19 10:14:49 - [32minfo[39m: [32mConectou no banco de dados[39m
2025-08-19 10:14:49 - [32minfo[39m: [32mAplicação rodando na porta 3000[39m
2025-08-19 10:14:56 - [35mhttp[39m: [35mGET /api/wine 200 - - 45.827 ms[39m
[35m[39m
2025-08-19 10:15:03 - [35mhttp[39m: [35mGET /api/wine 304 - - 32.557 ms[39m
[35m[39m
2025-08-19 10:15:08 - [35mhttp[39m: [35mGET /api/wine 304 - - 33.452 ms[39m
[35m[39m
2025-08-19 10:15:09 - [35mhttp[39m: [35mGET /api/wine 304 - - 29.212 ms[39m
[35m[39m
2025-08-19 10:15:18 - [35mhttp[39m: [35mGET /api/wine 304 - - 33.771 ms[39m
[35m[39m
2025-08-19 10:15:53 - [32minfo[39m: [32mConectou no banco de dados[39m
2025-08-19 10:15:53 - [32minfo[39m: [32mAplicação rodando na porta 3000[39m
2025-08-19 10:15:59 - [35mhttp[39m: [35mGET /api/wine 304 - - 47.104 ms[39m
[35m[39m
2025-08-19 10:16:10 - [35mhttp[39m: [35mGET /api/wine 304 - - 34.614 ms[39m
[35m[39m
2025-08-19 10:16:14 - [35mhttp[39m: [35mGET /api/wine 304 - - 32.529 ms[39m
[35m[39m
2025-08-19 10:16:47 - [35mhttp[39m: [35mGET /api/wine 304 - - 29.572 ms[39m
[35m[39m
2025-08-19 10:16:58 - [35mhttp[39m: [35mGET /api/wine 304 - - 33.339 ms[39m
[35m[39m
2025-08-19 10:17:59 - [35mhttp[39m: [35mGET /api/wine 304 - - 31.787 ms[39m
[35m[39m
2025-08-19 10:18:01 - [35mhttp[39m: [35mGET /api/wine 304 - - 32.476 ms[39m
[35m[39m
2025-08-19 10:18:03 - [35mhttp[39m: [35mGET /api/wine 304 - - 32.063 ms[39m
[35m[39m
2025-08-19 10:18:09 - [35mhttp[39m: [35mGET /api/wine 304 - - 31.755 ms[39m
[35m[39m
2025-08-19 10:18:16 - [35mhttp[39m: [35mGET /api/wine 304 - - 31.759 ms[39m
[35m[39m
2025-08-19 10:18:28 - [35mhttp[39m: [35mGET /api/wine 304 - - 34.395 ms[39m
[35m[39m
2025-08-19 10:18:32 - [35mhttp[39m: [35mGET /api/wine 304 - - 34.094 ms[39m
[35m[39m
2025-08-19 10:18:33 - [35mhttp[39m: [35mGET /api/wine 304 - - 31.865 ms[39m
[35m[39m
2025-08-19 10:18:42 - [35mhttp[39m: [35mGET /api/wine 304 - - 31.690 ms[39m
[35m[39m
2025-08-19 10:19:24 - [35mhttp[39m: [35mGET /api/wine 304 - - 30.370 ms[39m
[35m[39m
2025-08-19 10:19:28 - [35mhttp[39m: [35mGET /api/wine 304 - - 31.764 ms[39m
[35m[39m
2025-08-19 10:19:49 - [35mhttp[39m: [35mGET /api/wine 304 - - 29.446 ms[39m
[35m[39m
2025-08-19 10:19:53 - [35mhttp[39m: [35mGET /api/wine 304 - - 31.293 ms[39m
[35m[39m
2025-08-19 10:19:55 - [35mhttp[39m: [35mGET /api/wine 304 - - 28.838 ms[39m
[35m[39m
2025-08-19 10:21:23 - [35mhttp[39m: [35mGET /api/wine 304 - - 30.063 ms[39m
[35m[39m
2025-08-19 10:24:34 - [35mhttp[39m: [35mGET /api/wine 304 - - 31.164 ms[39m
[35m[39m
2025-08-19 10:26:07 - [35mhttp[39m: [35mGET /api/wine 304 - - 29.239 ms[39m
[35m[39m
2025-08-19 10:26:17 - [35mhttp[39m: [35mGET /api/wine 304 - - 29.823 ms[39m
[35m[39m
2025-08-19 10:26:25 - [35mhttp[39m: [35mGET /api/wine 304 - - 30.722 ms[39m
[35m[39m
2025-08-19 10:26:30 - [35mhttp[39m: [35mGET /api/wine 304 - - 65.968 ms[39m
[35m[39m
2025-08-19 10:27:24 - [35mhttp[39m: [35mGET /api/wine 304 - - 30.549 ms[39m
[35m[39m
2025-08-19 10:28:25 - [35mhttp[39m: [35mGET /api/wine 304 - - 31.014 ms[39m
[35m[39m
2025-08-19 10:28:46 - [35mhttp[39m: [35mGET /api/wine 304 - - 29.592 ms[39m
[35m[39m
2025-08-19 10:29:22 - [35mhttp[39m: [35mGET /api/wine 304 - - 30.927 ms[39m
[35m[39m
2025-08-19 10:29:26 - [35mhttp[39m: [35mGET /api/wine 304 - - 30.674 ms[39m
[35m[39m
2025-08-19 10:29:29 - [35mhttp[39m: [35mGET /api/wine 304 - - 29.884 ms[39m
[35m[39m
2025-08-19 10:29:30 - [35mhttp[39m: [35mGET /api/wine 304 - - 34.719 ms[39m
[35m[39m
2025-08-19 10:29:40 - [35mhttp[39m: [35mGET /api/wine 304 - - 30.955 ms[39m
[35m[39m
2025-08-19 10:29:45 - [35mhttp[39m: [35mGET /api/wine 304 - - 29.578 ms[39m
[35m[39m
2025-08-19 10:29:54 - [35mhttp[39m: [35mGET /api/wine 304 - - 28.674 ms[39m
[35m[39m
2025-08-19 10:30:03 - [35mhttp[39m: [35mGET /api/wine 304 - - 29.926 ms[39m
[35m[39m
2025-08-19 10:30:11 - [35mhttp[39m: [35mGET /api/wine 304 - - 29.841 ms[39m
[35m[39m
2025-08-19 10:30:13 - [35mhttp[39m: [35mGET /api/wine 304 - - 30.846 ms[39m
[35m[39m
2025-08-19 10:30:23 - [35mhttp[39m: [35mGET /api/wine 304 - - 29.534 ms[39m
[35m[39m
2025-08-19 10:30:28 - [35mhttp[39m: [35mGET /api/wine 304 - - 28.599 ms[39m
[35m[39m
2025-08-19 10:30:31 - [35mhttp[39m: [35mGET /api/wine 304 - - 29.657 ms[39m
[35m[39m
2025-08-19 10:30:33 - [35mhttp[39m: [35mGET /api/wine 304 - - 30.620 ms[39m
[35m[39m
2025-08-19 10:30:44 - [35mhttp[39m: [35mGET /api/wine 304 - - 28.318 ms[39m
[35m[39m
2025-08-19 10:31:01 - [35mhttp[39m: [35mGET /api/wine 304 - - 29.215 ms[39m
[35m[39m
2025-08-19 10:31:03 - [35mhttp[39m: [35mGET /api/wine 304 - - 28.872 ms[39m
[35m[39m
2025-08-19 10:31:07 - [35mhttp[39m: [35mGET /api/wine 304 - - 28.715 ms[39m
[35m[39m
2025-08-19 10:31:12 - [35mhttp[39m: [35mGET /api/wine 304 - - 29.327 ms[39m
[35m[39m
2025-08-19 10:31:15 - [35mhttp[39m: [35mGET /api/wine 304 - - 29.545 ms[39m
[35m[39m
2025-08-19 10:31:18 - [35mhttp[39m: [35mGET /api/wine 304 - - 31.973 ms[39m
[35m[39m
2025-08-19 10:31:21 - [35mhttp[39m: [35mGET /api/wine 304 - - 31.559 ms[39m
[35m[39m
2025-08-19 10:31:26 - [35mhttp[39m: [35mGET /api/wine 304 - - 29.666 ms[39m
[35m[39m
2025-08-19 10:31:32 - [35mhttp[39m: [35mGET /api/wine 304 - - 28.373 ms[39m
[35m[39m
2025-08-19 10:31:33 - [35mhttp[39m: [35mGET /api/wine 304 - - 29.840 ms[39m
[35m[39m
2025-08-19 10:34:51 - [35mhttp[39m: [35mGET /api/wine 304 - - 30.983 ms[39m
[35m[39m
2025-08-19 10:35:19 - [35mhttp[39m: [35mGET /api/wine 304 - - 30.851 ms[39m
[35m[39m
2025-08-19 10:35:24 - [35mhttp[39m: [35mGET /api/wine 304 - - 31.117 ms[39m
[35m[39m
2025-08-19 10:35:32 - [35mhttp[39m: [35mGET /api/wine 304 - - 28.066 ms[39m
[35m[39m
2025-08-19 10:35:44 - [35mhttp[39m: [35mGET /api/wine 304 - - 30.646 ms[39m
[35m[39m
2025-08-19 10:36:29 - [35mhttp[39m: [35mGET /api/wine 304 - - 29.659 ms[39m
[35m[39m
2025-08-19 10:36:32 - [35mhttp[39m: [35mGET /api/wine 304 - - 30.870 ms[39m
[35m[39m
2025-08-19 10:36:53 - [35mhttp[39m: [35mGET /api/wine 304 - - 32.087 ms[39m
[35m[39m
2025-08-19 10:37:14 - [35mhttp[39m: [35mGET /api/wine 304 - - 31.162 ms[39m
[35m[39m
2025-08-19 10:37:22 - [35mhttp[39m: [35mGET /api/wine 304 - - 30.952 ms[39m
[35m[39m
2025-08-19 10:37:40 - [35mhttp[39m: [35mGET /api/wine 304 - - 32.190 ms[39m
[35m[39m
2025-08-19 10:37:51 - [35mhttp[39m: [35mGET /api/wine 304 - - 30.808 ms[39m
[35m[39m
2025-08-19 10:37:55 - [35mhttp[39m: [35mGET /api/wine 304 - - 28.675 ms[39m
[35m[39m
2025-08-19 10:38:09 - [35mhttp[39m: [35mGET /api/wine 304 - - 30.691 ms[39m
[35m[39m
2025-08-19 10:38:17 - [35mhttp[39m: [35mGET /api/wine 304 - - 29.855 ms[39m
[35m[39m
2025-08-19 10:39:50 - [35mhttp[39m: [35mGET /api/wine 304 - - 31.293 ms[39m
[35m[39m
2025-08-19 10:39:52 - [35mhttp[39m: [35mGET /api/wine 304 - - 31.108 ms[39m
[35m[39m
2025-08-19 10:39:54 - [35mhttp[39m: [35mGET /api/wine 304 - - 30.917 ms[39m
[35m[39m
2025-08-19 10:40:10 - [35mhttp[39m: [35mGET /api/wine 304 - - 30.528 ms[39m
[35m[39m
2025-08-19 10:40:49 - [35mhttp[39m: [35mGET /api/wine 304 - - 30.873 ms[39m
[35m[39m
2025-08-19 10:40:53 - [35mhttp[39m: [35mGET /api/wine 304 - - 30.729 ms[39m
[35m[39m
2025-08-19 10:40:56 - [35mhttp[39m: [35mGET /api/wine 304 - - 41.516 ms[39m
[35m[39m
2025-08-19 10:41:08 - [35mhttp[39m: [35mGET /api/wine 304 - - 30.668 ms[39m
[35m[39m
2025-08-19 10:41:10 - [35mhttp[39m: [35mGET /api/wine 304 - - 30.605 ms[39m
[35m[39m
2025-08-19 10:41:13 - [35mhttp[39m: [35mGET /api/wine 304 - - 28.789 ms[39m
[35m[39m
2025-08-19 10:41:20 - [35mhttp[39m: [35mGET /api/wine 304 - - 40.385 ms[39m
[35m[39m
2025-08-19 10:41:23 - [35mhttp[39m: [35mGET /api/wine 304 - - 29.180 ms[39m
[35m[39m
2025-08-19 10:41:30 - [35mhttp[39m: [35mGET /api/wine 304 - - 29.069 ms[39m
[35m[39m
2025-08-21 17:30:20 - [32minfo[39m: [32mConectou no banco de dados[39m
2025-08-21 17:30:20 - [32minfo[39m: [32mAplicação rodando na porta 3000[39m
